mode: atomic
/Users/kalepail/Desktop/walleterm-v2/audit/2026-09-26/checks/01-signer-astra/main.go:39.37,39.55 1 0
/Users/kalepail/Desktop/walleterm-v2/audit/2026-09-26/checks/01-signer-astra/main.go:41.44,41.77 1 24
/Users/kalepail/Desktop/walleterm-v2/audit/2026-09-26/checks/01-signer-astra/main.go:52.2,53.30 2 0
/Users/kalepail/Desktop/walleterm-v2/audit/2026-09-26/checks/01-signer-astra/main.go:54.3,54.100 1 0
/Users/kalepail/Desktop/walleterm-v2/audit/2026-09-26/checks/01-signer-astra/main.go:55.4,56.1 1 0
/Users/kalepail/Desktop/walleterm-v2/audit/2026-09-26/checks/01-signer-astra/main.go:58.2,58.65 1 0
/Users/kalepail/Desktop/walleterm-v2/audit/2026-09-26/checks/01-signer-astra/main.go:63.2,63.64 1 10
/Users/kalepail/Desktop/walleterm-v2/audit/2026-09-26/checks/01-signer-astra/main.go:64.3,90.1 1 5
/Users/kalepail/Desktop/walleterm-v2/audit/2026-09-26/checks/01-signer-astra/main.go:91.2,91.46 1 5
/Users/kalepail/Desktop/walleterm-v2/audit/2026-09-26/checks/01-signer-astra/main.go:92.3,93.1 1 3
/Users/kalepail/Desktop/walleterm-v2/audit/2026-09-26/checks/01-signer-astra/main.go:94.2,94.65 1 2
/Users/kalepail/Desktop/walleterm-v2/audit/2026-09-26/checks/01-signer-astra/main.go:95.3,96.1 1 0
/Users/kalepail/Desktop/walleterm-v2/audit/2026-09-26/checks/01-signer-astra/main.go:97.2,99.19 3 2
/Users/kalepail/Desktop/walleterm-v2/audit/2026-09-26/checks/01-signer-astra/main.go:100.3,101.1 1 2
/Users/kalepail/Desktop/walleterm-v2/audit/2026-09-26/checks/01-signer-astra/main.go:102.2,102.44 1 2
/Users/kalepail/Desktop/walleterm-v2/audit/2026-09-26/checks/01-signer-astra/main.go:103.3,104.1 1 1
/Users/kalepail/Desktop/walleterm-v2/audit/2026-09-26/checks/01-signer-astra/main.go:104.9,104.27 1 1
/Users/kalepail/Desktop/walleterm-v2/audit/2026-09-26/checks/01-signer-astra/main.go:105.3,106.1 1 0
/Users/kalepail/Desktop/walleterm-v2/audit/2026-09-26/checks/01-signer-astra/main.go:107.2,107.44 1 2
/Users/kalepail/Desktop/walleterm-v2/audit/2026-09-26/checks/01-signer-astra/main.go:108.3,109.1 1 0
/Users/kalepail/Desktop/walleterm-v2/audit/2026-09-26/checks/01-signer-astra/main.go:111.2,114.23 4 2
/Users/kalepail/Desktop/walleterm-v2/audit/2026-09-26/checks/01-signer-astra/main.go:115.3,115.36 1 1
/Users/kalepail/Desktop/walleterm-v2/audit/2026-09-26/checks/01-signer-astra/main.go:116.4,116.57 1 0
/Users/kalepail/Desktop/walleterm-v2/audit/2026-09-26/checks/01-signer-astra/main.go:117.5,118.1 1 0
/Users/kalepail/Desktop/walleterm-v2/audit/2026-09-26/checks/01-signer-astra/main.go:120.3,122.17 3 1
/Users/kalepail/Desktop/walleterm-v2/audit/2026-09-26/checks/01-signer-astra/main.go:123.4,124.1 1 1
/Users/kalepail/Desktop/walleterm-v2/audit/2026-09-26/checks/01-signer-astra/main.go:126.2,126.22 1 1
/Users/kalepail/Desktop/walleterm-v2/audit/2026-09-26/checks/01-signer-astra/main.go:127.3,128.1 1 0
/Users/kalepail/Desktop/walleterm-v2/audit/2026-09-26/checks/01-signer-astra/main.go:129.2,129.48 1 1
/Users/kalepail/Desktop/walleterm-v2/audit/2026-09-26/checks/01-signer-astra/main.go:130.3,131.1 1 1
/Users/kalepail/Desktop/walleterm-v2/audit/2026-09-26/checks/01-signer-astra/main.go:132.2,133.16 2 0
/Users/kalepail/Desktop/walleterm-v2/audit/2026-09-26/checks/01-signer-astra/main.go:134.3,135.1 1 0
/Users/kalepail/Desktop/walleterm-v2/audit/2026-09-26/checks/01-signer-astra/main.go:136.2,137.51 2 0
/Users/kalepail/Desktop/walleterm-v2/audit/2026-09-26/checks/01-signer-astra/main.go:138.3,139.1 1 0
/Users/kalepail/Desktop/walleterm-v2/audit/2026-09-26/checks/01-signer-astra/main.go:140.2,141.16 2 0
/Users/kalepail/Desktop/walleterm-v2/audit/2026-09-26/checks/01-signer-astra/main.go:142.3,143.1 1 0
/Users/kalepail/Desktop/walleterm-v2/audit/2026-09-26/checks/01-signer-astra/main.go:144.2,144.23 1 0
/Users/kalepail/Desktop/walleterm-v2/audit/2026-09-26/checks/01-signer-astra/main.go:145.3,145.12 1 0
/Users/kalepail/Desktop/walleterm-v2/audit/2026-09-26/checks/01-signer-astra/main.go:146.4,146.30 1 0
/Users/kalepail/Desktop/walleterm-v2/audit/2026-09-26/checks/01-signer-astra/main.go:147.5,147.111 1 0
/Users/kalepail/Desktop/walleterm-v2/audit/2026-09-26/checks/01-signer-astra/main.go:148.6,149.1 1 0
/Users/kalepail/Desktop/walleterm-v2/audit/2026-09-26/checks/01-signer-astra/main.go:152.4,156.1 1 0
/Users/kalepail/Desktop/walleterm-v2/audit/2026-09-26/checks/01-signer-astra/main.go:157.3,157.11 1 0
/Users/kalepail/Desktop/walleterm-v2/audit/2026-09-26/checks/01-signer-astra/main.go:159.2,160.25 2 0
/Users/kalepail/Desktop/walleterm-v2/audit/2026-09-26/checks/01-signer-astra/main.go:161.3,161.40 1 0
/Users/kalepail/Desktop/walleterm-v2/audit/2026-09-26/checks/01-signer-astra/main.go:162.4,163.9 2 0
/Users/kalepail/Desktop/walleterm-v2/audit/2026-09-26/checks/01-signer-astra/main.go:166.2,166.21 1 0
/Users/kalepail/Desktop/walleterm-v2/audit/2026-09-26/checks/01-signer-astra/main.go:167.3,168.1 1 0
/Users/kalepail/Desktop/walleterm-v2/audit/2026-09-26/checks/01-signer-astra/main.go:169.2,169.128 1 0
/Users/kalepail/Desktop/walleterm-v2/audit/2026-09-26/checks/01-signer-astra/main.go:170.3,171.1 1 0
/Users/kalepail/Desktop/walleterm-v2/audit/2026-09-26/checks/01-signer-astra/main.go:172.2,173.16 2 0
/Users/kalepail/Desktop/walleterm-v2/audit/2026-09-26/checks/01-signer-astra/main.go:174.3,175.1 1 0
/Users/kalepail/Desktop/walleterm-v2/audit/2026-09-26/checks/01-signer-astra/main.go:176.2,176.54 1 0
/Users/kalepail/Desktop/walleterm-v2/audit/2026-09-26/checks/01-signer-astra/main.go:177.3,178.1 1 0
/Users/kalepail/Desktop/walleterm-v2/audit/2026-09-26/checks/01-signer-astra/main.go:179.2,179.11 1 0
/Users/kalepail/Desktop/walleterm-v2/audit/2026-09-26/checks/01-signer-astra/main.go:180.3,181.1 1 0
/Users/kalepail/Desktop/walleterm-v2/audit/2026-09-26/checks/01-signer-astra/main.go:182.3,189.1 1 0
/Users/kalepail/Desktop/walleterm-v2/audit/2026-09-26/checks/01-signer-astra/main.go:194.2,195.34 2 8
/Users/kalepail/Desktop/walleterm-v2/audit/2026-09-26/checks/01-signer-astra/main.go:196.3,197.1 1 6
/Users/kalepail/Desktop/walleterm-v2/audit/2026-09-26/checks/01-signer-astra/main.go:198.2,198.10 1 2
/Users/kalepail/Desktop/walleterm-v2/audit/2026-09-26/checks/01-signer-astra/main.go:202.2,204.1 2 1
/Users/kalepail/Desktop/walleterm-v2/audit/2026-09-26/checks/01-signer-astra/main.go:207.2,208.25 2 2
/Users/kalepail/Desktop/walleterm-v2/audit/2026-09-26/checks/01-signer-astra/main.go:209.3,210.1 1 0
/Users/kalepail/Desktop/walleterm-v2/audit/2026-09-26/checks/01-signer-astra/main.go:211.2,211.11 1 2
/Users/kalepail/Desktop/walleterm-v2/audit/2026-09-26/checks/01-signer-astra/main.go:212.3,213.1 1 1
/Users/kalepail/Desktop/walleterm-v2/audit/2026-09-26/checks/01-signer-astra/main.go:214.3,218.1 1 1
/Users/kalepail/Desktop/walleterm-v2/audit/2026-09-26/checks/01-signer-astra/main.go:219.2,219.31 1 2
/Users/kalepail/Desktop/walleterm-v2/audit/2026-09-26/checks/01-signer-astra/main.go:220.3,221.1 1 1
/Users/kalepail/Desktop/walleterm-v2/audit/2026-09-26/checks/01-signer-astra/main.go:222.2,222.10 1 1
/Users/kalepail/Desktop/walleterm-v2/audit/2026-09-26/checks/01-signer-astra/main.go:226.2,227.44 2 14
/Users/kalepail/Desktop/walleterm-v2/audit/2026-09-26/checks/01-signer-astra/main.go:228.3,229.1 1 1
/Users/kalepail/Desktop/walleterm-v2/audit/2026-09-26/checks/01-signer-astra/main.go:230.2,230.37 1 13
/Users/kalepail/Desktop/walleterm-v2/audit/2026-09-26/checks/01-signer-astra/main.go:231.3,232.1 1 1
/Users/kalepail/Desktop/walleterm-v2/audit/2026-09-26/checks/01-signer-astra/main.go:233.2,235.40 3 12
/Users/kalepail/Desktop/walleterm-v2/audit/2026-09-26/checks/01-signer-astra/main.go:236.3,237.1 1 3
/Users/kalepail/Desktop/walleterm-v2/audit/2026-09-26/checks/01-signer-astra/main.go:238.2,239.15 2 9
/Users/kalepail/Desktop/walleterm-v2/audit/2026-09-26/checks/01-signer-astra/main.go:240.3,241.17 2 18
/Users/kalepail/Desktop/walleterm-v2/audit/2026-09-26/checks/01-signer-astra/main.go:242.4,243.1 1 0
/Users/kalepail/Desktop/walleterm-v2/audit/2026-09-26/checks/01-signer-astra/main.go:244.3,245.56 2 18
/Users/kalepail/Desktop/walleterm-v2/audit/2026-09-26/checks/01-signer-astra/main.go:246.4,247.1 1 1
/Users/kalepail/Desktop/walleterm-v2/audit/2026-09-26/checks/01-signer-astra/main.go:248.3,248.40 1 17
/Users/kalepail/Desktop/walleterm-v2/audit/2026-09-26/checks/01-signer-astra/main.go:249.4,250.1 1 2
/Users/kalepail/Desktop/walleterm-v2/audit/2026-09-26/checks/01-signer-astra/main.go:251.3,252.17 2 15
/Users/kalepail/Desktop/walleterm-v2/audit/2026-09-26/checks/01-signer-astra/main.go:253.4,254.1 1 0
/Users/kalepail/Desktop/walleterm-v2/audit/2026-09-26/checks/01-signer-astra/main.go:255.3,256.10 2 15
/Users/kalepail/Desktop/walleterm-v2/audit/2026-09-26/checks/01-signer-astra/main.go:257.4,258.1 1 1
/Users/kalepail/Desktop/walleterm-v2/audit/2026-09-26/checks/01-signer-astra/main.go:259.3,259.23 1 14
/Users/kalepail/Desktop/walleterm-v2/audit/2026-09-26/checks/01-signer-astra/main.go:261.2,261.60 1 5
/Users/kalepail/Desktop/walleterm-v2/audit/2026-09-26/checks/01-signer-astra/main.go:262.3,263.1 1 0
/Users/kalepail/Desktop/walleterm-v2/audit/2026-09-26/checks/01-signer-astra/main.go:264.2,264.39 1 5
/Users/kalepail/Desktop/walleterm-v2/audit/2026-09-26/checks/01-signer-astra/main.go:265.3,266.1 1 2
/Users/kalepail/Desktop/walleterm-v2/audit/2026-09-26/checks/01-signer-astra/main.go:267.2,268.52 2 3
/Users/kalepail/Desktop/walleterm-v2/audit/2026-09-26/checks/01-signer-astra/main.go:269.3,270.1 1 1
/Users/kalepail/Desktop/walleterm-v2/audit/2026-09-26/checks/01-signer-astra/main.go:271.2,272.27 2 2
/Users/kalepail/Desktop/walleterm-v2/audit/2026-09-26/checks/01-signer-astra/main.go:273.3,274.1 1 0
/Users/kalepail/Desktop/walleterm-v2/audit/2026-09-26/checks/01-signer-astra/main.go:275.2,275.31 1 2
/Users/kalepail/Desktop/walleterm-v2/audit/2026-09-26/checks/01-signer-astra/main.go:276.3,276.51 1 65
/Users/kalepail/Desktop/walleterm-v2/audit/2026-09-26/checks/01-signer-astra/main.go:277.4,278.1 1 1
/Users/kalepail/Desktop/walleterm-v2/audit/2026-09-26/checks/01-signer-astra/main.go:280.2,281.43 2 1
/Users/kalepail/Desktop/walleterm-v2/audit/2026-09-26/checks/01-signer-astra/main.go:286.2,287.22 2 16
/Users/kalepail/Desktop/walleterm-v2/audit/2026-09-26/checks/01-signer-astra/main.go:288.3,289.26 2 528
/Users/kalepail/Desktop/walleterm-v2/audit/2026-09-26/checks/01-signer-astra/main.go:290.4,290.23 1 4224
/Users/kalepail/Desktop/walleterm-v2/audit/2026-09-26/checks/01-signer-astra/main.go:291.5,292.1 1 1940
/Users/kalepail/Desktop/walleterm-v2/audit/2026-09-26/checks/01-signer-astra/main.go:293.5,294.1 1 2284
/Users/kalepail/Desktop/walleterm-v2/audit/2026-09-26/checks/01-signer-astra/main.go:297.2,297.12 1 16
/Users/kalepail/Desktop/walleterm-v2/audit/2026-09-26/checks/01-signer-astra/main.go:303.2,308.1 5 10
/Users/kalepail/Desktop/walleterm-v2/audit/2026-09-26/checks/01-signer-astra/main.go:311.2,311.60 1 10
/Users/kalepail/Desktop/walleterm-v2/audit/2026-09-26/checks/01-signer-astra/main.go:312.3,313.1 1 4
/Users/kalepail/Desktop/walleterm-v2/audit/2026-09-26/checks/01-signer-astra/main.go:314.2,315.104 2 6
/Users/kalepail/Desktop/walleterm-v2/audit/2026-09-26/checks/01-signer-astra/main.go:316.3,317.1 1 2
/Users/kalepail/Desktop/walleterm-v2/audit/2026-09-26/checks/01-signer-astra/main.go:318.2,319.35 2 4
/Users/kalepail/Desktop/walleterm-v2/audit/2026-09-26/checks/01-signer-astra/main.go:320.3,321.1 1 0
/Users/kalepail/Desktop/walleterm-v2/audit/2026-09-26/checks/01-signer-astra/main.go:322.2,322.17 1 4
/Users/kalepail/Desktop/walleterm-v2/audit/2026-09-26/checks/01-signer-astra/main.go:326.2,327.16 2 4
/Users/kalepail/Desktop/walleterm-v2/audit/2026-09-26/checks/01-signer-astra/main.go:328.3,329.1 1 2
/Users/kalepail/Desktop/walleterm-v2/audit/2026-09-26/checks/01-signer-astra/main.go:330.2,331.110 2 2
/Users/kalepail/Desktop/walleterm-v2/audit/2026-09-26/checks/01-signer-astra/main.go:332.3,333.1 1 2
/Users/kalepail/Desktop/walleterm-v2/audit/2026-09-26/checks/01-signer-astra/main.go:334.2,334.12 1 0
/Users/kalepail/Desktop/walleterm-v2/audit/2026-09-26/checks/01-signer-astra/main.go:338.2,339.39 2 0
/Users/kalepail/Desktop/walleterm-v2/audit/2026-09-26/checks/01-signer-astra/main.go:340.3,341.1 1 0
/Users/kalepail/Desktop/walleterm-v2/audit/2026-09-26/checks/01-signer-astra/main.go:342.2,342.77 1 0
/Users/kalepail/Desktop/walleterm-v2/audit/2026-09-26/checks/01-signer-astra/main.go:346.2,348.1 2 24
/Users/kalepail/Desktop/walleterm-v2/audit/2026-09-26/checks/01-signer-astra/main.go:351.2,353.21 3 7
/Users/kalepail/Desktop/walleterm-v2/audit/2026-09-26/checks/01-signer-astra/main.go:354.3,355.17 2 9
/Users/kalepail/Desktop/walleterm-v2/audit/2026-09-26/checks/01-signer-astra/main.go:356.4,357.1 1 0
/Users/kalepail/Desktop/walleterm-v2/audit/2026-09-26/checks/01-signer-astra/main.go:358.3,358.13 1 9
/Users/kalepail/Desktop/walleterm-v2/audit/2026-09-26/checks/01-signer-astra/main.go:359.4,360.1 1 0
/Users/kalepail/Desktop/walleterm-v2/audit/2026-09-26/checks/01-signer-astra/main.go:361.3,361.20 1 9
/Users/kalepail/Desktop/walleterm-v2/audit/2026-09-26/checks/01-signer-astra/main.go:363.2,364.54 2 7
/Users/kalepail/Desktop/walleterm-v2/audit/2026-09-26/checks/01-signer-astra/main.go:365.3,366.1 1 1
/Users/kalepail/Desktop/walleterm-v2/audit/2026-09-26/checks/01-signer-astra/main.go:367.2,368.28 2 6
/Users/kalepail/Desktop/walleterm-v2/audit/2026-09-26/checks/01-signer-astra/main.go:369.3,370.1 1 2
/Users/kalepail/Desktop/walleterm-v2/audit/2026-09-26/checks/01-signer-astra/main.go:371.2,372.48 2 4
/Users/kalepail/Desktop/walleterm-v2/audit/2026-09-26/checks/01-signer-astra/main.go:373.3,374.1 1 0
/Users/kalepail/Desktop/walleterm-v2/audit/2026-09-26/checks/01-signer-astra/main.go:375.2,375.15 1 4
/Users/kalepail/Desktop/walleterm-v2/audit/2026-09-26/checks/01-signer-astra/main.go:379.2,380.39 2 2
/Users/kalepail/Desktop/walleterm-v2/audit/2026-09-26/checks/01-signer-astra/main.go:381.3,382.1 1 2
/Users/kalepail/Desktop/walleterm-v2/audit/2026-09-26/checks/01-signer-astra/main.go:383.2,383.75 1 0
/Users/kalepail/Desktop/walleterm-v2/audit/2026-09-26/checks/01-signer-astra/main.go:389.2,389.21 1 3
/Users/kalepail/Desktop/walleterm-v2/audit/2026-09-26/checks/01-signer-astra/main.go:390.3,391.1 1 0
/Users/kalepail/Desktop/walleterm-v2/audit/2026-09-26/checks/01-signer-astra/main.go:392.2,394.15 3 3
/Users/kalepail/Desktop/walleterm-v2/audit/2026-09-26/checks/01-signer-astra/main.go:398.2,398.21 1 3
/Users/kalepail/Desktop/walleterm-v2/audit/2026-09-26/checks/01-signer-astra/main.go:399.3,400.1 1 0
/Users/kalepail/Desktop/walleterm-v2/audit/2026-09-26/checks/01-signer-astra/main.go:401.2,403.15 3 3
/Users/kalepail/Desktop/walleterm-v2/audit/2026-09-26/checks/01-signer-astra/main.go:407.2,408.43 2 0
/Users/kalepail/Desktop/walleterm-v2/audit/2026-09-26/checks/01-signer-astra/main.go:409.3,410.1 1 0
/Users/kalepail/Desktop/walleterm-v2/audit/2026-09-26/checks/01-signer-astra/main.go:411.2,413.15 3 0
/Users/kalepail/Desktop/walleterm-v2/audit/2026-09-26/checks/01-signer-astra/main.go:417.2,418.16 2 5
/Users/kalepail/Desktop/walleterm-v2/audit/2026-09-26/checks/01-signer-astra/main.go:419.3,420.1 1 2
/Users/kalepail/Desktop/walleterm-v2/audit/2026-09-26/checks/01-signer-astra/main.go:421.2,423.30 3 3
/Users/kalepail/Desktop/walleterm-v2/audit/2026-09-26/checks/01-signer-astra/main.go:424.3,425.1 1 0
/Users/kalepail/Desktop/walleterm-v2/audit/2026-09-26/checks/01-signer-astra/main.go:426.2,427.41 2 3
/Users/kalepail/Desktop/walleterm-v2/audit/2026-09-26/checks/01-signer-astra/main.go:428.3,429.1 1 2
/Users/kalepail/Desktop/walleterm-v2/audit/2026-09-26/checks/01-signer-astra/main.go:430.2,432.37 3 1
/Users/kalepail/Desktop/walleterm-v2/audit/2026-09-26/checks/01-signer-astra/main.go:433.3,435.53 3 0
/Users/kalepail/Desktop/walleterm-v2/audit/2026-09-26/checks/01-signer-astra/main.go:436.4,437.1 1 0
/Users/kalepail/Desktop/walleterm-v2/audit/2026-09-26/checks/01-signer-astra/main.go:438.3,439.17 2 0
/Users/kalepail/Desktop/walleterm-v2/audit/2026-09-26/checks/01-signer-astra/main.go:440.4,441.1 1 0
/Users/kalepail/Desktop/walleterm-v2/audit/2026-09-26/checks/01-signer-astra/main.go:442.3,442.17 1 0
/Users/kalepail/Desktop/walleterm-v2/audit/2026-09-26/checks/01-signer-astra/main.go:443.4,443.12 1 0
/Users/kalepail/Desktop/walleterm-v2/audit/2026-09-26/checks/01-signer-astra/main.go:445.3,446.20 2 0
/Users/kalepail/Desktop/walleterm-v2/audit/2026-09-26/checks/01-signer-astra/main.go:447.4,448.1 1 0
/Users/kalepail/Desktop/walleterm-v2/audit/2026-09-26/checks/01-signer-astra/main.go:449.3,451.132 3 0
/Users/kalepail/Desktop/walleterm-v2/audit/2026-09-26/checks/01-signer-astra/main.go:453.2,453.22 1 1
/Users/kalepail/Desktop/walleterm-v2/audit/2026-09-26/checks/01-signer-astra/main.go:454.3,455.1 1 1
/Users/kalepail/Desktop/walleterm-v2/audit/2026-09-26/checks/01-signer-astra/main.go:456.2,456.21 1 0
/Users/kalepail/Desktop/walleterm-v2/audit/2026-09-26/checks/01-signer-astra/main.go:460.2,462.39 3 0
/Users/kalepail/Desktop/walleterm-v2/audit/2026-09-26/checks/01-signer-astra/main.go:463.3,464.1 1 0
/Users/kalepail/Desktop/walleterm-v2/audit/2026-09-26/checks/01-signer-astra/main.go:465.2,465.40 1 0
/Users/kalepail/Desktop/walleterm-v2/audit/2026-09-26/checks/01-signer-astra/main.go:466.3,467.1 1 0
/Users/kalepail/Desktop/walleterm-v2/audit/2026-09-26/checks/01-signer-astra/main.go:468.2,469.73 2 0
/Users/kalepail/Desktop/walleterm-v2/audit/2026-09-26/checks/01-signer-astra/main.go:470.3,471.1 1 0
/Users/kalepail/Desktop/walleterm-v2/audit/2026-09-26/checks/01-signer-astra/main.go:472.2,472.42 1 0
/Users/kalepail/Desktop/walleterm-v2/audit/2026-09-26/checks/01-signer-astra/main.go:476.2,480.16 5 0
/Users/kalepail/Desktop/walleterm-v2/audit/2026-09-26/checks/01-signer-astra/main.go:481.3,482.1 1 0
/Users/kalepail/Desktop/walleterm-v2/audit/2026-09-26/checks/01-signer-astra/main.go:483.2,485.16 3 0
/Users/kalepail/Desktop/walleterm-v2/audit/2026-09-26/checks/01-signer-astra/main.go:486.3,487.1 1 0
/Users/kalepail/Desktop/walleterm-v2/audit/2026-09-26/checks/01-signer-astra/main.go:488.2,488.35 1 0
/Users/kalepail/Desktop/walleterm-v2/audit/2026-09-26/checks/01-signer-astra/main.go:489.3,490.1 1 0
/Users/kalepail/Desktop/walleterm-v2/audit/2026-09-26/checks/01-signer-astra/main.go:491.2,491.16 1 0
/Users/kalepail/Desktop/walleterm-v2/audit/2026-09-26/checks/01-signer-astra/main.go:492.3,493.1 1 0
/Users/kalepail/Desktop/walleterm-v2/audit/2026-09-26/checks/01-signer-astra/main.go:494.2,495.36 2 0
/Users/kalepail/Desktop/walleterm-v2/audit/2026-09-26/checks/01-signer-astra/main.go:496.3,497.1 1 0
/Users/kalepail/Desktop/walleterm-v2/audit/2026-09-26/checks/01-signer-astra/main.go:498.2,501.129 4 0
/Users/kalepail/Desktop/walleterm-v2/audit/2026-09-26/checks/01-signer-astra/main.go:502.3,503.1 1 0
/Users/kalepail/Desktop/walleterm-v2/audit/2026-09-26/checks/01-signer-astra/main.go:504.2,504.23 1 0
/Users/kalepail/Desktop/walleterm-v2/audit/2026-09-26/checks/01-signer-astra/service.go:23.2,23.25 1 0
/Users/kalepail/Desktop/walleterm-v2/audit/2026-09-26/checks/01-signer-astra/service.go:24.3,25.1 1 0
/Users/kalepail/Desktop/walleterm-v2/audit/2026-09-26/checks/01-signer-astra/service.go:26.2,26.39 1 0
/Users/kalepail/Desktop/walleterm-v2/audit/2026-09-26/checks/01-signer-astra/service.go:30.2,34.25 5 0
/Users/kalepail/Desktop/walleterm-v2/audit/2026-09-26/checks/01-signer-astra/service.go:35.3,36.1 1 0
/Users/kalepail/Desktop/walleterm-v2/audit/2026-09-26/checks/01-signer-astra/service.go:37.2,38.105 2 0
/Users/kalepail/Desktop/walleterm-v2/audit/2026-09-26/checks/01-signer-astra/service.go:39.3,40.1 1 0
/Users/kalepail/Desktop/walleterm-v2/audit/2026-09-26/checks/01-signer-astra/service.go:41.2,41.20 1 0
/Users/kalepail/Desktop/walleterm-v2/audit/2026-09-26/checks/01-signer-astra/service.go:45.2,45.64 1 0
/Users/kalepail/Desktop/walleterm-v2/audit/2026-09-26/checks/01-signer-astra/service.go:46.3,47.26 2 0
/Users/kalepail/Desktop/walleterm-v2/audit/2026-09-26/checks/01-signer-astra/service.go:48.4,49.1 1 0
/Users/kalepail/Desktop/walleterm-v2/audit/2026-09-26/checks/01-signer-astra/service.go:50.3,50.246 1 0
/Users/kalepail/Desktop/walleterm-v2/audit/2026-09-26/checks/01-signer-astra/service.go:52.2,53.16 2 0
/Users/kalepail/Desktop/walleterm-v2/audit/2026-09-26/checks/01-signer-astra/service.go:54.3,55.1 1 0
/Users/kalepail/Desktop/walleterm-v2/audit/2026-09-26/checks/01-signer-astra/service.go:56.2,56.53 1 0
/Users/kalepail/Desktop/walleterm-v2/audit/2026-09-26/checks/01-signer-astra/service.go:57.3,58.1 1 0
/Users/kalepail/Desktop/walleterm-v2/audit/2026-09-26/checks/01-signer-astra/service.go:59.2,60.16 2 0
/Users/kalepail/Desktop/walleterm-v2/audit/2026-09-26/checks/01-signer-astra/service.go:61.3,62.1 1 0
/Users/kalepail/Desktop/walleterm-v2/audit/2026-09-26/checks/01-signer-astra/service.go:63.2,66.83 4 0
/Users/kalepail/Desktop/walleterm-v2/audit/2026-09-26/checks/01-signer-astra/service.go:67.3,68.1 1 0
/Users/kalepail/Desktop/walleterm-v2/audit/2026-09-26/checks/01-signer-astra/service.go:69.2,69.56 1 0
/Users/kalepail/Desktop/walleterm-v2/audit/2026-09-26/checks/01-signer-astra/service.go:70.3,71.1 1 0
/Users/kalepail/Desktop/walleterm-v2/audit/2026-09-26/checks/01-signer-astra/service.go:72.2,73.16 2 0
/Users/kalepail/Desktop/walleterm-v2/audit/2026-09-26/checks/01-signer-astra/service.go:74.3,75.1 1 0
/Users/kalepail/Desktop/walleterm-v2/audit/2026-09-26/checks/01-signer-astra/service.go:76.2,77.16 2 0
/Users/kalepail/Desktop/walleterm-v2/audit/2026-09-26/checks/01-signer-astra/service.go:78.3,79.1 1 0
/Users/kalepail/Desktop/walleterm-v2/audit/2026-09-26/checks/01-signer-astra/service.go:80.2,81.25 2 0
/Users/kalepail/Desktop/walleterm-v2/audit/2026-09-26/checks/01-signer-astra/service.go:82.3,83.1 1 0
/Users/kalepail/Desktop/walleterm-v2/audit/2026-09-26/checks/01-signer-astra/service.go:84.2,85.61 2 0
/Users/kalepail/Desktop/walleterm-v2/audit/2026-09-26/checks/01-signer-astra/service.go:86.3,87.1 1 0
/Users/kalepail/Desktop/walleterm-v2/audit/2026-09-26/checks/01-signer-astra/service.go:88.2,89.16 2 0
/Users/kalepail/Desktop/walleterm-v2/audit/2026-09-26/checks/01-signer-astra/service.go:90.3,91.1 1 0
/Users/kalepail/Desktop/walleterm-v2/audit/2026-09-26/checks/01-signer-astra/service.go:92.2,93.37 2 0
/Users/kalepail/Desktop/walleterm-v2/audit/2026-09-26/checks/01-signer-astra/service.go:94.3,94.53 1 0
/Users/kalepail/Desktop/walleterm-v2/audit/2026-09-26/checks/01-signer-astra/service.go:95.4,96.1 1 0
/Users/kalepail/Desktop/walleterm-v2/audit/2026-09-26/checks/01-signer-astra/service.go:98.2,99.94 2 0
/Users/kalepail/Desktop/walleterm-v2/audit/2026-09-26/checks/01-signer-astra/service.go:100.3,101.1 1 0
/Users/kalepail/Desktop/walleterm-v2/audit/2026-09-26/checks/01-signer-astra/service.go:102.2,102.10 1 0
/Users/kalepail/Desktop/walleterm-v2/audit/2026-09-26/checks/01-signer-astra/service.go:107.2,108.21 2 0
/Users/kalepail/Desktop/walleterm-v2/audit/2026-09-26/checks/01-signer-astra/service.go:109.3,110.1 1 0
/Users/kalepail/Desktop/walleterm-v2/audit/2026-09-26/checks/01-signer-astra/service.go:111.2,113.29 3 0
/Users/kalepail/Desktop/walleterm-v2/audit/2026-09-26/checks/01-signer-astra/service.go:114.3,115.26 2 0
/Users/kalepail/Desktop/walleterm-v2/audit/2026-09-26/checks/01-signer-astra/service.go:116.4,117.1 1 0
/Users/kalepail/Desktop/walleterm-v2/audit/2026-09-26/checks/01-signer-astra/service.go:118.3,118.16 1 0
/Users/kalepail/Desktop/walleterm-v2/audit/2026-09-26/checks/01-signer-astra/service.go:120.2,120.31 1 0
/Users/kalepail/Desktop/walleterm-v2/audit/2026-09-26/checks/01-signer-astra/service.go:121.3,121.26 1 0
/Users/kalepail/Desktop/walleterm-v2/audit/2026-09-26/checks/01-signer-astra/service.go:122.4,123.1 1 0
/Users/kalepail/Desktop/walleterm-v2/audit/2026-09-26/checks/01-signer-astra/service.go:125.2,125.13 1 0
