bun test v1.4.2 (744846f84)

../../../Users/kalepail/Desktop/walleterm-v2/audit/2026-09-26/checks/03-runtime-astra/targeted.test.ts:
{"check":"supervisor-isolation","private_modes":["0700","0600","0600"],"sentinel_values":["unset","unset"],"stopped_only_owned_processes":true}
(pass) real supervisor preserves private config, filters environment, and isolates two services [1486.91ms]
602 |     },
603 |     async listen() {
604 |       if (closing) throw Error('The bridge is stopping.');
605 |       await new Promise<void>((resolve, reject) => {
606 |         server.once('error', reject);
607 |         server.listen(port, '127.0.0.1', resolve);
                     ^
error: Failed to start server. Is port 0 in use?
 syscall: "listen",
   errno: 0,
    code: "EADDRINUSE"

      at <anonymous> (node:_http_server:359:39)
      at <anonymous> (node:_http_server:332:33)
      at <anonymous> (/private/tmp/walleterm-audit-40d6cca9db73/bridge/server.ts:607:16)
      at new Promise (1:11)
      at listen (/private/tmp/walleterm-audit-40d6cca9db73/bridge/server.ts:605:13)
      at <anonymous> (/Users/kalepail/Desktop/walleterm-v2/audit/2026-09-26/checks/03-runtime-astra/targeted.test.ts:68:18)
(fail) actual bridge and demo bind loopback and close independently without signer calls [1.33ms]
(fail) malformed demo request does not terminate its process [6000.00ms]
  ^ this test timed out after 6000ms.

 1 pass
 2 fail
Ran 3 tests across 1 file. [7.60s]
