bun test v1.4.2 (744846f84)

../../../Users/kalepail/Desktop/walleterm-v2/audit/2026-09-26/checks/04-sdk-daybreak/sdk-regressions.test.ts:
43 |     fetch: async () => new Response('<html>expired</html>', { status: 401 }),
44 |   });
45 |   client.token = 'session';
46 |   client.account = { address: 'GSTALE', networkPassphrase: 'testnet' };
47 |   await assert.rejects(client.getAddress(), /unreadable response/);
48 |   assert.equal(client.token, null);
              ^
AssertionError: Expected values to be strictly equal:

'session' !== null

 generatedMessage: true,
     actual: "session",
   expected: null,
   operator: "strictEqual",
       diff: "simple",
       code: "ERR_ASSERTION"

      at /Users/kalepail/Desktop/walleterm-v2/audit/2026-09-26/checks/04-sdk-daybreak/sdk-regressions.test.ts:48:10
(fail) an unreadable 401 clears the active connection [5.90ms]

 0 pass
 1 filtered out
 1 fail
Ran 1 test across 1 file. [9.00ms]
