bun test v1.4.2 (744846f84)

bridge/activity.test.ts:
(pass) activity JSON redacts nested credentials without changing source data [0.32ms]
(pass) transport history preserves the original request, response body, and abort signal [0.70ms]
(pass) unchanged signing polls collapse while changed states and signatures remain searchable [17.41ms]
(pass) transaction history survives clearing and preserves earlier state snapshots [5.92ms]
(pass) history loading merges with new activity instead of overwriting it [5.83ms]
(pass) restored history drops stored credentials and events with malformed metadata [0.14ms]
(pass) storage and decoding failures do not block wallet response delivery [0.22ms]
(pass) request failures retain their original error and log without headers [0.35ms]
(pass) non-JSON responses remain readable and unrelated requests stay outside the log [0.12ms]

bridge/site.test.ts:
(pass) signing shows retry progress and stops at the server expiry after the page wakes [2.27ms]
(pass) wallet changes preserve the original transaction journal and signer [2.00ms]
(pass) an unknown signing outcome remains distinct from a confirmed cancellation [0.70ms]
(pass) demo denial and expiry finish the request; unknown submission remains protected after reload [0.93ms]
(pass) a reload preserves an open signing request until the user clears it [0.78ms]
(pass) an unreadable journal blocks new transaction actions [1.37ms]
(pass) a damaged journal still permits disconnect without changing storage [0.60ms]
(pass) another tab cannot overwrite an unknown submission [0.76ms]
(pass) demo selects an existing recent testnet account without recipient input [0.80ms]
(pass) recipient lookup reports failure without choosing an unchecked account [0.57ms]
(pass) demo funds a missing testnet account once with Friendbot [0.63ms]
(pass) demo reports a Friendbot failure and does not hide Horizon errors [1.05ms]
(pass) an unknown submission expires only after a ledger closes past its time bound [5.34ms]
(pass) a storage failure before signing leaves the demo usable [1.64ms]
(pass) cancel removes the newest open offer from Horizon [11.06ms]
(pass) a built transaction waits for Sign before it is signed [12.42ms]
(pass) a saved review with invalid XDR blocks actions without breaking the page [0.81ms]
(pass) the action modal opens before account lookup and keeps preparation errors visible [0.82ms]
(pass) connection work disables demo actions and signing without changing the journal [0.69ms]
(pass) only an active request shows progress; stopped signing cannot be canceled again [0.78ms]
(pass) completed transactions permit another action after wallet switching without a separate clear step [82.90ms]
(pass) unfinished transactions still prevent replacement after wallet switching [5.61ms]
(pass) another tab changing a completed record prevents its automatic replacement [2.38ms]
(pass) a storage failure preserves the completed record and prevents a new build [1.18ms]

 33 pass
 0 fail
Ran 33 tests across 2 files. [181.00ms]
