bun test v1.4.2 (744846f84)

bridge/server.test.ts:
602 |     },
603 |     async listen() {
604 |       if (closing) throw Error('The bridge is stopping.');
605 |       await new Promise<void>((resolve, reject) => {
606 |         server.once('error', reject);
607 |         server.listen(port, '127.0.0.1', resolve);
                     ^
error: Failed to start server. Is port 0 in use?
 syscall: "listen",
   errno: 0,
    code: "EADDRINUSE"

      at <anonymous> (node:_http_server:359:39)
      at <anonymous> (node:_http_server:332:33)
      at <anonymous> (/private/tmp/walleterm-audit-40d6cca9db73/bridge/server.ts:607:16)
      at new Promise (1:11)
      at listen (/private/tmp/walleterm-audit-40d6cca9db73/bridge/server.ts:605:13)
      at fixture (/private/tmp/walleterm-audit-40d6cca9db73/bridge/server.test.ts:120:16)
      at <anonymous> (/private/tmp/walleterm-audit-40d6cca9db73/bridge/server.test.ts:179:19)
(fail) short codes expire, rotate once, and pause for one minute after five incorrect attempts [1.35ms]
(pass) an unused code rotates at expiry [0.19ms]
602 |     },
603 |     async listen() {
604 |       if (closing) throw Error('The bridge is stopping.');
605 |       await new Promise<void>((resolve, reject) => {
606 |         server.once('error', reject);
607 |         server.listen(port, '127.0.0.1', resolve);
                     ^
error: Failed to start server. Is port 0 in use?
 syscall: "listen",
   errno: 0,
    code: "EADDRINUSE"

      at <anonymous> (node:_http_server:359:39)
      at <anonymous> (node:_http_server:332:33)
      at <anonymous> (/private/tmp/walleterm-audit-40d6cca9db73/bridge/server.ts:607:16)
      at new Promise (1:11)
      at listen (/private/tmp/walleterm-audit-40d6cca9db73/bridge/server.ts:605:13)
      at fixture (/private/tmp/walleterm-audit-40d6cca9db73/bridge/server.test.ts:120:16)
      at <anonymous> (/private/tmp/walleterm-audit-40d6cca9db73/bridge/server.test.ts:215:19)
(fail) ended sessions release their connection slots [0.14ms]
602 |     },
603 |     async listen() {
604 |       if (closing) throw Error('The bridge is stopping.');
605 |       await new Promise<void>((resolve, reject) => {
606 |         server.once('error', reject);
607 |         server.listen(port, '127.0.0.1', resolve);
                     ^
error: Failed to start server. Is port 0 in use?
 syscall: "listen",
   errno: 0,
    code: "EADDRINUSE"

      at <anonymous> (node:_http_server:359:39)
      at <anonymous> (node:_http_server:332:33)
      at <anonymous> (/private/tmp/walleterm-audit-40d6cca9db73/bridge/server.ts:607:16)
      at new Promise (1:11)
      at listen (/private/tmp/walleterm-audit-40d6cca9db73/bridge/server.ts:605:13)
      at fixture (/private/tmp/walleterm-audit-40d6cca9db73/bridge/server.test.ts:120:16)
      at <anonymous> (/private/tmp/walleterm-audit-40d6cca9db73/bridge/server.test.ts:224:19)
(fail) two origins have separate authority; only the review hook decides a request [0.21ms]
602 |     },
603 |     async listen() {
604 |       if (closing) throw Error('The bridge is stopping.');
605 |       await new Promise<void>((resolve, reject) => {
606 |         server.once('error', reject);
607 |         server.listen(port, '127.0.0.1', resolve);
                     ^
error: Failed to start server. Is port 0 in use?
 syscall: "listen",
   errno: 0,
    code: "EADDRINUSE"

      at <anonymous> (node:_http_server:359:39)
      at <anonymous> (node:_http_server:332:33)
      at <anonymous> (/private/tmp/walleterm-audit-40d6cca9db73/bridge/server.ts:607:16)
      at new Promise (1:11)
      at listen (/private/tmp/walleterm-audit-40d6cca9db73/bridge/server.ts:605:13)
      at fixture (/private/tmp/walleterm-audit-40d6cca9db73/bridge/server.test.ts:120:16)
      at <anonymous> (/private/tmp/walleterm-audit-40d6cca9db73/bridge/server.test.ts:257:19)
(fail) wallet discovery requires a session and legacy wallet selection cannot change [0.14ms]
602 |     },
603 |     async listen() {
604 |       if (closing) throw Error('The bridge is stopping.');
605 |       await new Promise<void>((resolve, reject) => {
606 |         server.once('error', reject);
607 |         server.listen(port, '127.0.0.1', resolve);
                     ^
error: Failed to start server. Is port 0 in use?
 syscall: "listen",
   errno: 0,
    code: "EADDRINUSE"

      at <anonymous> (node:_http_server:359:39)
      at <anonymous> (node:_http_server:332:33)
      at <anonymous> (/private/tmp/walleterm-audit-40d6cca9db73/bridge/server.ts:607:16)
      at new Promise (1:11)
      at listen (/private/tmp/walleterm-audit-40d6cca9db73/bridge/server.ts:605:13)
      at fixture (/private/tmp/walleterm-audit-40d6cca9db73/bridge/server.test.ts:120:16)
      at <anonymous> (/private/tmp/walleterm-audit-40d6cca9db73/bridge/server.test.ts:300:19)
(fail) scoped wallets pin the displayed list and never renew the connection deadline [0.18ms]
602 |     },
603 |     async listen() {
604 |       if (closing) throw Error('The bridge is stopping.');
605 |       await new Promise<void>((resolve, reject) => {
606 |         server.once('error', reject);
607 |         server.listen(port, '127.0.0.1', resolve);
                     ^
error: Failed to start server. Is port 0 in use?
 syscall: "listen",
   errno: 0,
    code: "EADDRINUSE"

      at <anonymous> (node:_http_server:359:39)
      at <anonymous> (node:_http_server:332:33)
      at <anonymous> (/private/tmp/walleterm-audit-40d6cca9db73/bridge/server.ts:607:16)
      at new Promise (1:11)
      at listen (/private/tmp/walleterm-audit-40d6cca9db73/bridge/server.ts:605:13)
      at fixture (/private/tmp/walleterm-audit-40d6cca9db73/bridge/server.test.ts:120:16)
      at <anonymous> (/private/tmp/walleterm-audit-40d6cca9db73/bridge/server.test.ts:337:19)
(fail) first selection rejects a replaced discovery grant and an unknown scope [0.13ms]
602 |     },
603 |     async listen() {
604 |       if (closing) throw Error('The bridge is stopping.');
605 |       await new Promise<void>((resolve, reject) => {
606 |         server.once('error', reject);
607 |         server.listen(port, '127.0.0.1', resolve);
                     ^
error: Failed to start server. Is port 0 in use?
 syscall: "listen",
   errno: 0,
    code: "EADDRINUSE"

      at <anonymous> (node:_http_server:359:39)
      at <anonymous> (node:_http_server:332:33)
      at <anonymous> (/private/tmp/walleterm-audit-40d6cca9db73/bridge/server.ts:607:16)
      at new Promise (1:11)
      at listen (/private/tmp/walleterm-audit-40d6cca9db73/bridge/server.ts:605:13)
      at fixture (/private/tmp/walleterm-audit-40d6cca9db73/bridge/server.test.ts:120:16)
      at <anonymous> (/private/tmp/walleterm-audit-40d6cca9db73/bridge/server.test.ts:353:19)
(fail) switches cancel queued reviews, preserve other sessions, and reject A-B-A delayed requests [0.15ms]
602 |     },
603 |     async listen() {
604 |       if (closing) throw Error('The bridge is stopping.');
605 |       await new Promise<void>((resolve, reject) => {
606 |         server.once('error', reject);
607 |         server.listen(port, '127.0.0.1', resolve);
                     ^
error: Failed to start server. Is port 0 in use?
 syscall: "listen",
   errno: 0,
    code: "EADDRINUSE"

      at <anonymous> (node:_http_server:359:39)
      at <anonymous> (node:_http_server:332:33)
      at <anonymous> (/private/tmp/walleterm-audit-40d6cca9db73/bridge/server.ts:607:16)
      at new Promise (1:11)
      at listen (/private/tmp/walleterm-audit-40d6cca9db73/bridge/server.ts:605:13)
      at fixture (/private/tmp/walleterm-audit-40d6cca9db73/bridge/server.test.ts:120:16)
      at <anonymous> (/private/tmp/walleterm-audit-40d6cca9db73/bridge/server.test.ts:381:19)
(fail) simultaneous switches use compare-and-set after delayed discovery [0.11ms]
602 |     },
603 |     async listen() {
604 |       if (closing) throw Error('The bridge is stopping.');
605 |       await new Promise<void>((resolve, reject) => {
606 |         server.once('error', reject);
607 |         server.listen(port, '127.0.0.1', resolve);
                     ^
error: Failed to start server. Is port 0 in use?
 syscall: "listen",
   errno: 0,
    code: "EADDRINUSE"

      at <anonymous> (node:_http_server:359:39)
      at <anonymous> (node:_http_server:332:33)
      at <anonymous> (/private/tmp/walleterm-audit-40d6cca9db73/bridge/server.ts:607:16)
      at new Promise (1:11)
      at listen (/private/tmp/walleterm-audit-40d6cca9db73/bridge/server.ts:605:13)
      at fixture (/private/tmp/walleterm-audit-40d6cca9db73/bridge/server.test.ts:120:16)
      at <anonymous> (/private/tmp/walleterm-audit-40d6cca9db73/bridge/server.test.ts:405:21)
(fail) a switch during approved withholds the old result [0.14ms]
602 |     },
603 |     async listen() {
604 |       if (closing) throw Error('The bridge is stopping.');
605 |       await new Promise<void>((resolve, reject) => {
606 |         server.once('error', reject);
607 |         server.listen(port, '127.0.0.1', resolve);
                     ^
error: Failed to start server. Is port 0 in use?
 syscall: "listen",
   errno: 0,
    code: "EADDRINUSE"

      at <anonymous> (node:_http_server:359:39)
      at <anonymous> (node:_http_server:332:33)
      at <anonymous> (/private/tmp/walleterm-audit-40d6cca9db73/bridge/server.ts:607:16)
      at new Promise (1:11)
      at listen (/private/tmp/walleterm-audit-40d6cca9db73/bridge/server.ts:605:13)
      at fixture (/private/tmp/walleterm-audit-40d6cca9db73/bridge/server.test.ts:120:16)
      at <anonymous> (/private/tmp/walleterm-audit-40d6cca9db73/bridge/server.test.ts:405:21)
(fail) a switch during signing withholds the old result [0.07ms]
602 |     },
603 |     async listen() {
604 |       if (closing) throw Error('The bridge is stopping.');
605 |       await new Promise<void>((resolve, reject) => {
606 |         server.once('error', reject);
607 |         server.listen(port, '127.0.0.1', resolve);
                     ^
error: Failed to start server. Is port 0 in use?
 syscall: "listen",
   errno: 0,
    code: "EADDRINUSE"

      at <anonymous> (node:_http_server:359:39)
      at <anonymous> (node:_http_server:332:33)
      at <anonymous> (/private/tmp/walleterm-audit-40d6cca9db73/bridge/server.ts:607:16)
      at new Promise (1:11)
      at listen (/private/tmp/walleterm-audit-40d6cca9db73/bridge/server.ts:605:13)
      at fixture (/private/tmp/walleterm-audit-40d6cca9db73/bridge/server.test.ts:120:16)
      at <anonymous> (/private/tmp/walleterm-audit-40d6cca9db73/bridge/server.test.ts:405:21)
(fail) a switch during signed withholds the old result [0.06ms]
602 |     },
603 |     async listen() {
604 |       if (closing) throw Error('The bridge is stopping.');
605 |       await new Promise<void>((resolve, reject) => {
606 |         server.once('error', reject);
607 |         server.listen(port, '127.0.0.1', resolve);
                     ^
error: Failed to start server. Is port 0 in use?
 syscall: "listen",
   errno: 0,
    code: "EADDRINUSE"

      at <anonymous> (node:_http_server:359:39)
      at <anonymous> (node:_http_server:332:33)
      at <anonymous> (/private/tmp/walleterm-audit-40d6cca9db73/bridge/server.ts:607:16)
      at new Promise (1:11)
      at listen (/private/tmp/walleterm-audit-40d6cca9db73/bridge/server.ts:605:13)
      at fixture (/private/tmp/walleterm-audit-40d6cca9db73/bridge/server.test.ts:120:16)
      at <anonymous> (/private/tmp/walleterm-audit-40d6cca9db73/bridge/server.test.ts:442:19)
(fail) SDK switches in one session and recovers a lost selection response [0.12ms]
602 |     },
603 |     async listen() {
604 |       if (closing) throw Error('The bridge is stopping.');
605 |       await new Promise<void>((resolve, reject) => {
606 |         server.once('error', reject);
607 |         server.listen(port, '127.0.0.1', resolve);
                     ^
error: Failed to start server. Is port 0 in use?
 syscall: "listen",
   errno: 0,
    code: "EADDRINUSE"

      at <anonymous> (node:_http_server:359:39)
      at <anonymous> (node:_http_server:332:33)
      at <anonymous> (/private/tmp/walleterm-audit-40d6cca9db73/bridge/server.ts:607:16)
      at new Promise (1:11)
      at listen (/private/tmp/walleterm-audit-40d6cca9db73/bridge/server.ts:605:13)
      at fixture (/private/tmp/walleterm-audit-40d6cca9db73/bridge/server.test.ts:120:16)
      at <anonymous> (/private/tmp/walleterm-audit-40d6cca9db73/bridge/server.test.ts:472:19)
(fail) a delayed account response cannot overwrite a newer SDK wallet [0.12ms]
602 |     },
603 |     async listen() {
604 |       if (closing) throw Error('The bridge is stopping.');
605 |       await new Promise<void>((resolve, reject) => {
606 |         server.once('error', reject);
607 |         server.listen(port, '127.0.0.1', resolve);
                     ^
error: Failed to start server. Is port 0 in use?
 syscall: "listen",
   errno: 0,
    code: "EADDRINUSE"

      at <anonymous> (node:_http_server:359:39)
      at <anonymous> (node:_http_server:332:33)
      at <anonymous> (/private/tmp/walleterm-audit-40d6cca9db73/bridge/server.ts:607:16)
      at new Promise (1:11)
      at listen (/private/tmp/walleterm-audit-40d6cca9db73/bridge/server.ts:605:13)
      at fixture (/private/tmp/walleterm-audit-40d6cca9db73/bridge/server.test.ts:120:16)
      at <anonymous> (/private/tmp/walleterm-audit-40d6cca9db73/bridge/server.test.ts:503:19)
(fail) a delayed request body fails after switching away and back [0.10ms]
602 |     },
603 |     async listen() {
604 |       if (closing) throw Error('The bridge is stopping.');
605 |       await new Promise<void>((resolve, reject) => {
606 |         server.once('error', reject);
607 |         server.listen(port, '127.0.0.1', resolve);
                     ^
error: Failed to start server. Is port 0 in use?
 syscall: "listen",
   errno: 0,
    code: "EADDRINUSE"

      at <anonymous> (node:_http_server:359:39)
      at <anonymous> (node:_http_server:332:33)
      at <anonymous> (/private/tmp/walleterm-audit-40d6cca9db73/bridge/server.ts:607:16)
      at new Promise (1:11)
      at listen (/private/tmp/walleterm-audit-40d6cca9db73/bridge/server.ts:605:13)
      at fixture (/private/tmp/walleterm-audit-40d6cca9db73/bridge/server.test.ts:120:16)
      at <anonymous> (/private/tmp/walleterm-audit-40d6cca9db73/bridge/server.test.ts:542:19)
(fail) expiry aborts active signing and switching never extends the deadline [0.15ms]
602 |     },
603 |     async listen() {
604 |       if (closing) throw Error('The bridge is stopping.');
605 |       await new Promise<void>((resolve, reject) => {
606 |         server.once('error', reject);
607 |         server.listen(port, '127.0.0.1', resolve);
                     ^
error: Failed to start server. Is port 0 in use?
 syscall: "listen",
   errno: 0,
    code: "EADDRINUSE"

      at <anonymous> (node:_http_server:359:39)
      at <anonymous> (node:_http_server:332:33)
      at <anonymous> (/private/tmp/walleterm-audit-40d6cca9db73/bridge/server.ts:607:16)
      at new Promise (1:11)
      at listen (/private/tmp/walleterm-audit-40d6cca9db73/bridge/server.ts:605:13)
      at fixture (/private/tmp/walleterm-audit-40d6cca9db73/bridge/server.test.ts:120:16)
      at <anonymous> (/private/tmp/walleterm-audit-40d6cca9db73/bridge/server.test.ts:575:19)
(fail) SDK withholds a delayed successful signature after a same-session wallet change [0.12ms]
602 |     },
603 |     async listen() {
604 |       if (closing) throw Error('The bridge is stopping.');
605 |       await new Promise<void>((resolve, reject) => {
606 |         server.once('error', reject);
607 |         server.listen(port, '127.0.0.1', resolve);
                     ^
error: Failed to start server. Is port 0 in use?
 syscall: "listen",
   errno: 0,
    code: "EADDRINUSE"

      at <anonymous> (node:_http_server:359:39)
      at <anonymous> (node:_http_server:332:33)
      at <anonymous> (/private/tmp/walleterm-audit-40d6cca9db73/bridge/server.ts:607:16)
      at new Promise (1:11)
      at listen (/private/tmp/walleterm-audit-40d6cca9db73/bridge/server.ts:605:13)
      at fixture (/private/tmp/walleterm-audit-40d6cca9db73/bridge/server.test.ts:120:16)
      at <anonymous> (/private/tmp/walleterm-audit-40d6cca9db73/bridge/server.test.ts:607:19)
(fail) scoped signing fails closed after a key is removed or discovery fails [0.15ms]
602 |     },
603 |     async listen() {
604 |       if (closing) throw Error('The bridge is stopping.');
605 |       await new Promise<void>((resolve, reject) => {
606 |         server.once('error', reject);
607 |         server.listen(port, '127.0.0.1', resolve);
                     ^
error: Failed to start server. Is port 0 in use?
 syscall: "listen",
   errno: 0,
    code: "EADDRINUSE"

      at <anonymous> (node:_http_server:359:39)
      at <anonymous> (node:_http_server:332:33)
      at <anonymous> (/private/tmp/walleterm-audit-40d6cca9db73/bridge/server.ts:607:16)
      at new Promise (1:11)
      at listen (/private/tmp/walleterm-audit-40d6cca9db73/bridge/server.ts:605:13)
      at fixture (/private/tmp/walleterm-audit-40d6cca9db73/bridge/server.test.ts:120:16)
      at <anonymous> (/private/tmp/walleterm-audit-40d6cca9db73/bridge/server.test.ts:633:19)
(fail) SDK keeps signing blocked when an aborted selection still awaits discovery [0.23ms]
602 |     },
603 |     async listen() {
604 |       if (closing) throw Error('The bridge is stopping.');
605 |       await new Promise<void>((resolve, reject) => {
606 |         server.once('error', reject);
607 |         server.listen(port, '127.0.0.1', resolve);
                     ^
error: Failed to start server. Is port 0 in use?
 syscall: "listen",
   errno: 0,
    code: "EADDRINUSE"

      at <anonymous> (node:_http_server:359:39)
      at <anonymous> (node:_http_server:332:33)
      at <anonymous> (/private/tmp/walleterm-audit-40d6cca9db73/bridge/server.ts:607:16)
      at new Promise (1:11)
      at listen (/private/tmp/walleterm-audit-40d6cca9db73/bridge/server.ts:605:13)
      at fixture (/private/tmp/walleterm-audit-40d6cca9db73/bridge/server.test.ts:120:16)
      at <anonymous> (/private/tmp/walleterm-audit-40d6cca9db73/bridge/server.test.ts:681:19)
(fail) SDK rejects account reads started during a wallet selection [0.11ms]
602 |     },
603 |     async listen() {
604 |       if (closing) throw Error('The bridge is stopping.');
605 |       await new Promise<void>((resolve, reject) => {
606 |         server.once('error', reject);
607 |         server.listen(port, '127.0.0.1', resolve);
                     ^
error: Failed to start server. Is port 0 in use?
 syscall: "listen",
   errno: 0,
    code: "EADDRINUSE"

      at <anonymous> (node:_http_server:359:39)
      at <anonymous> (node:_http_server:332:33)
      at <anonymous> (/private/tmp/walleterm-audit-40d6cca9db73/bridge/server.ts:607:16)
      at new Promise (1:11)
      at listen (/private/tmp/walleterm-audit-40d6cca9db73/bridge/server.ts:605:13)
      at fixture (/private/tmp/walleterm-audit-40d6cca9db73/bridge/server.test.ts:120:16)
      at <anonymous> (/private/tmp/walleterm-audit-40d6cca9db73/bridge/server.test.ts:713:19)
(fail) SDK preserves signing uncertainty when session expiry prevents cancellation [0.12ms]
602 |     },
603 |     async listen() {
604 |       if (closing) throw Error('The bridge is stopping.');
605 |       await new Promise<void>((resolve, reject) => {
606 |         server.once('error', reject);
607 |         server.listen(port, '127.0.0.1', resolve);
                     ^
error: Failed to start server. Is port 0 in use?
 syscall: "listen",
   errno: 0,
    code: "EADDRINUSE"

      at <anonymous> (node:_http_server:359:39)
      at <anonymous> (node:_http_server:332:33)
      at <anonymous> (/private/tmp/walleterm-audit-40d6cca9db73/bridge/server.ts:607:16)
      at new Promise (1:11)
      at listen (/private/tmp/walleterm-audit-40d6cca9db73/bridge/server.ts:605:13)
      at fixture (/private/tmp/walleterm-audit-40d6cca9db73/bridge/server.test.ts:120:16)
      at <anonymous> (/private/tmp/walleterm-audit-40d6cca9db73/bridge/server.test.ts:740:19)
(fail) invalid or excessive transactions never invoke review or signing [0.13ms]
(pass) review records exact offer price, destination, memo and data bytes [4.67ms]
602 |     },
603 |     async listen() {
604 |       if (closing) throw Error('The bridge is stopping.');
605 |       await new Promise<void>((resolve, reject) => {
606 |         server.once('error', reject);
607 |         server.listen(port, '127.0.0.1', resolve);
                     ^
error: Failed to start server. Is port 0 in use?
 syscall: "listen",
   errno: 0,
    code: "EADDRINUSE"

      at <anonymous> (node:_http_server:359:39)
      at <anonymous> (node:_http_server:332:33)
      at <anonymous> (/private/tmp/walleterm-audit-40d6cca9db73/bridge/server.ts:607:16)
      at new Promise (1:11)
      at listen (/private/tmp/walleterm-audit-40d6cca9db73/bridge/server.ts:605:13)
      at fixture (/private/tmp/walleterm-audit-40d6cca9db73/bridge/server.test.ts:120:16)
      at <anonymous> (/private/tmp/walleterm-audit-40d6cca9db73/bridge/server.test.ts:796:19)
(fail) denial, expiry and removal of a key do not sign [0.20ms]
602 |     },
603 |     async listen() {
604 |       if (closing) throw Error('The bridge is stopping.');
605 |       await new Promise<void>((resolve, reject) => {
606 |         server.once('error', reject);
607 |         server.listen(port, '127.0.0.1', resolve);
                     ^
error: Failed to start server. Is port 0 in use?
 syscall: "listen",
   errno: 0,
    code: "EADDRINUSE"

      at <anonymous> (node:_http_server:359:39)
      at <anonymous> (node:_http_server:332:33)
      at <anonymous> (/private/tmp/walleterm-audit-40d6cca9db73/bridge/server.ts:607:16)
      at new Promise (1:11)
      at listen (/private/tmp/walleterm-audit-40d6cca9db73/bridge/server.ts:605:13)
      at fixture (/private/tmp/walleterm-audit-40d6cca9db73/bridge/server.test.ts:120:16)
      at <anonymous> (/private/tmp/walleterm-audit-40d6cca9db73/bridge/server.test.ts:814:19)
(fail) canceling a queued review never signs; only one review runs at a time [0.12ms]
602 |     },
603 |     async listen() {
604 |       if (closing) throw Error('The bridge is stopping.');
605 |       await new Promise<void>((resolve, reject) => {
606 |         server.once('error', reject);
607 |         server.listen(port, '127.0.0.1', resolve);
                     ^
error: Failed to start server. Is port 0 in use?
 syscall: "listen",
   errno: 0,
    code: "EADDRINUSE"

      at <anonymous> (node:_http_server:359:39)
      at <anonymous> (node:_http_server:332:33)
      at <anonymous> (/private/tmp/walleterm-audit-40d6cca9db73/bridge/server.ts:607:16)
      at new Promise (1:11)
      at listen (/private/tmp/walleterm-audit-40d6cca9db73/bridge/server.ts:605:13)
      at fixture (/private/tmp/walleterm-audit-40d6cca9db73/bridge/server.test.ts:120:16)
      at <anonymous> (/private/tmp/walleterm-audit-40d6cca9db73/bridge/server.test.ts:831:21)
(fail) cancellation during signing withholds the signature [0.13ms]
602 |     },
603 |     async listen() {
604 |       if (closing) throw Error('The bridge is stopping.');
605 |       await new Promise<void>((resolve, reject) => {
606 |         server.once('error', reject);
607 |         server.listen(port, '127.0.0.1', resolve);
                     ^
error: Failed to start server. Is port 0 in use?
 syscall: "listen",
   errno: 0,
    code: "EADDRINUSE"

      at <anonymous> (node:_http_server:359:39)
      at <anonymous> (node:_http_server:332:33)
      at <anonymous> (/private/tmp/walleterm-audit-40d6cca9db73/bridge/server.ts:607:16)
      at new Promise (1:11)
      at listen (/private/tmp/walleterm-audit-40d6cca9db73/bridge/server.ts:605:13)
      at fixture (/private/tmp/walleterm-audit-40d6cca9db73/bridge/server.test.ts:120:16)
      at <anonymous> (/private/tmp/walleterm-audit-40d6cca9db73/bridge/server.test.ts:831:21)
(fail) revocation during signing withholds the signature [0.07ms]
602 |     },
603 |     async listen() {
604 |       if (closing) throw Error('The bridge is stopping.');
605 |       await new Promise<void>((resolve, reject) => {
606 |         server.once('error', reject);
607 |         server.listen(port, '127.0.0.1', resolve);
                     ^
error: Failed to start server. Is port 0 in use?
 syscall: "listen",
   errno: 0,
    code: "EADDRINUSE"

      at <anonymous> (node:_http_server:359:39)
      at <anonymous> (node:_http_server:332:33)
      at <anonymous> (/private/tmp/walleterm-audit-40d6cca9db73/bridge/server.ts:607:16)
      at new Promise (1:11)
      at listen (/private/tmp/walleterm-audit-40d6cca9db73/bridge/server.ts:605:13)
      at fixture (/private/tmp/walleterm-audit-40d6cca9db73/bridge/server.test.ts:120:16)
      at <anonymous> (/private/tmp/walleterm-audit-40d6cca9db73/bridge/server.test.ts:861:19)
(fail) invalid signatures are never delivered [0.10ms]
602 |     },
603 |     async listen() {
604 |       if (closing) throw Error('The bridge is stopping.');
605 |       await new Promise<void>((resolve, reject) => {
606 |         server.once('error', reject);
607 |         server.listen(port, '127.0.0.1', resolve);
                     ^
error: Failed to start server. Is port 0 in use?
 syscall: "listen",
   errno: 0,
    code: "EADDRINUSE"

      at <anonymous> (node:_http_server:359:39)
      at <anonymous> (node:_http_server:332:33)
      at <anonymous> (/private/tmp/walleterm-audit-40d6cca9db73/bridge/server.ts:607:16)
      at new Promise (1:11)
      at listen (/private/tmp/walleterm-audit-40d6cca9db73/bridge/server.ts:605:13)
      at fixture (/private/tmp/walleterm-audit-40d6cca9db73/bridge/server.test.ts:120:16)
      at <anonymous> (/private/tmp/walleterm-audit-40d6cca9db73/bridge/server.test.ts:871:19)
(fail) restart invalidates old credentials and requests [0.11ms]
602 |     },
603 |     async listen() {
604 |       if (closing) throw Error('The bridge is stopping.');
605 |       await new Promise<void>((resolve, reject) => {
606 |         server.once('error', reject);
607 |         server.listen(port, '127.0.0.1', resolve);
                     ^
error: Failed to start server. Is port 0 in use?
 syscall: "listen",
   errno: 0,
    code: "EADDRINUSE"

      at <anonymous> (node:_http_server:359:39)
      at <anonymous> (node:_http_server:332:33)
      at <anonymous> (/private/tmp/walleterm-audit-40d6cca9db73/bridge/server.ts:607:16)
      at new Promise (1:11)
      at listen (/private/tmp/walleterm-audit-40d6cca9db73/bridge/server.ts:605:13)
      at fixture (/private/tmp/walleterm-audit-40d6cca9db73/bridge/server.test.ts:120:16)
      at <anonymous> (/private/tmp/walleterm-audit-40d6cca9db73/bridge/server.test.ts:888:19)
(fail) SDK uses the code and wallet picker, signs, and reconnects after revocation [0.12ms]
602 |     },
603 |     async listen() {
604 |       if (closing) throw Error('The bridge is stopping.');
605 |       await new Promise<void>((resolve, reject) => {
606 |         server.once('error', reject);
607 |         server.listen(port, '127.0.0.1', resolve);
                     ^
error: Failed to start server. Is port 0 in use?
 syscall: "listen",
   errno: 0,
    code: "EADDRINUSE"

      at <anonymous> (node:_http_server:359:39)
      at <anonymous> (node:_http_server:332:33)
      at <anonymous> (/private/tmp/walleterm-audit-40d6cca9db73/bridge/server.ts:607:16)
      at new Promise (1:11)
      at listen (/private/tmp/walleterm-audit-40d6cca9db73/bridge/server.ts:605:13)
      at fixture (/private/tmp/walleterm-audit-40d6cca9db73/bridge/server.test.ts:120:16)
      at <anonymous> (/private/tmp/walleterm-audit-40d6cca9db73/bridge/server.test.ts:910:19)
(fail) SDK preserves denied state and clears a canceled wallet selection [0.10ms]
602 |     },
603 |     async listen() {
604 |       if (closing) throw Error('The bridge is stopping.');
605 |       await new Promise<void>((resolve, reject) => {
606 |         server.once('error', reject);
607 |         server.listen(port, '127.0.0.1', resolve);
                     ^
error: Failed to start server. Is port 0 in use?
 syscall: "listen",
   errno: 0,
    code: "EADDRINUSE"

      at <anonymous> (node:_http_server:359:39)
      at <anonymous> (node:_http_server:332:33)
      at <anonymous> (/private/tmp/walleterm-audit-40d6cca9db73/bridge/server.ts:607:16)
      at new Promise (1:11)
      at listen (/private/tmp/walleterm-audit-40d6cca9db73/bridge/server.ts:605:13)
      at fixture (/private/tmp/walleterm-audit-40d6cca9db73/bridge/server.test.ts:120:16)
      at <anonymous> (/private/tmp/walleterm-audit-40d6cca9db73/bridge/server.test.ts:929:19)
(fail) aborting an SDK request cancels its review and never signs [0.10ms]
(pass) invalid UTF-8 data names fail before review [0.59ms]
602 |     },
603 |     async listen() {
604 |       if (closing) throw Error('The bridge is stopping.');
605 |       await new Promise<void>((resolve, reject) => {
606 |         server.once('error', reject);
607 |         server.listen(port, '127.0.0.1', resolve);
                     ^
error: Failed to start server. Is port 0 in use?
 syscall: "listen",
   errno: 0,
    code: "EADDRINUSE"

      at <anonymous> (node:_http_server:359:39)
      at <anonymous> (node:_http_server:332:33)
      at <anonymous> (/private/tmp/walleterm-audit-40d6cca9db73/bridge/server.ts:607:16)
      at new Promise (1:11)
      at listen (/private/tmp/walleterm-audit-40d6cca9db73/bridge/server.ts:605:13)
      at fixture (/private/tmp/walleterm-audit-40d6cca9db73/bridge/server.test.ts:120:16)
      at <anonymous> (/private/tmp/walleterm-audit-40d6cca9db73/bridge/server.test.ts:956:19)
(fail) closing the bridge aborts signing and reports it [0.13ms]
602 |     },
603 |     async listen() {
604 |       if (closing) throw Error('The bridge is stopping.');
605 |       await new Promise<void>((resolve, reject) => {
606 |         server.once('error', reject);
607 |         server.listen(port, '127.0.0.1', resolve);
                     ^
error: Failed to start server. Is port 0 in use?
 syscall: "listen",
   errno: 0,
    code: "EADDRINUSE"

      at <anonymous> (node:_http_server:359:39)
      at <anonymous> (node:_http_server:332:33)
      at <anonymous> (/private/tmp/walleterm-audit-40d6cca9db73/bridge/server.ts:607:16)
      at new Promise (1:11)
      at listen (/private/tmp/walleterm-audit-40d6cca9db73/bridge/server.ts:605:13)
      at fixture (/private/tmp/walleterm-audit-40d6cca9db73/bridge/server.test.ts:120:16)
      at <anonymous> (/private/tmp/walleterm-audit-40d6cca9db73/bridge/server.test.ts:975:19)
(fail) canceling a signed request withholds its result [0.10ms]
602 |     },
603 |     async listen() {
604 |       if (closing) throw Error('The bridge is stopping.');
605 |       await new Promise<void>((resolve, reject) => {
606 |         server.once('error', reject);
607 |         server.listen(port, '127.0.0.1', resolve);
                     ^
error: Failed to start server. Is port 0 in use?
 syscall: "listen",
   errno: 0,
    code: "EADDRINUSE"

      at <anonymous> (node:_http_server:359:39)
      at <anonymous> (node:_http_server:332:33)
      at <anonymous> (/private/tmp/walleterm-audit-40d6cca9db73/bridge/server.ts:607:16)
      at new Promise (1:11)
      at listen (/private/tmp/walleterm-audit-40d6cca9db73/bridge/server.ts:605:13)
      at fixture (/private/tmp/walleterm-audit-40d6cca9db73/bridge/server.test.ts:120:16)
      at <anonymous> (/private/tmp/walleterm-audit-40d6cca9db73/bridge/server.test.ts:987:19)
(fail) SDK retries a failed poll and a lost first response [0.12ms]
602 |     },
603 |     async listen() {
604 |       if (closing) throw Error('The bridge is stopping.');
605 |       await new Promise<void>((resolve, reject) => {
606 |         server.once('error', reject);
607 |         server.listen(port, '127.0.0.1', resolve);
                     ^
error: Failed to start server. Is port 0 in use?
 syscall: "listen",
   errno: 0,
    code: "EADDRINUSE"

      at <anonymous> (node:_http_server:359:39)
      at <anonymous> (node:_http_server:332:33)
      at <anonymous> (/private/tmp/walleterm-audit-40d6cca9db73/bridge/server.ts:607:16)
      at new Promise (1:11)
      at listen (/private/tmp/walleterm-audit-40d6cca9db73/bridge/server.ts:605:13)
      at fixture (/private/tmp/walleterm-audit-40d6cca9db73/bridge/server.test.ts:120:16)
      at <anonymous> (/private/tmp/walleterm-audit-40d6cca9db73/bridge/server.test.ts:1007:19)
(fail) leaving the page cancels an open SDK request [0.26ms]
602 |     },
603 |     async listen() {
604 |       if (closing) throw Error('The bridge is stopping.');
605 |       await new Promise<void>((resolve, reject) => {
606 |         server.once('error', reject);
607 |         server.listen(port, '127.0.0.1', resolve);
                     ^
error: Failed to start server. Is port 0 in use?
 syscall: "listen",
   errno: 0,
    code: "EADDRINUSE"

      at <anonymous> (node:_http_server:359:39)
      at <anonymous> (node:_http_server:332:33)
      at <anonymous> (/private/tmp/walleterm-audit-40d6cca9db73/bridge/server.ts:607:16)
      at new Promise (1:11)
      at listen (/private/tmp/walleterm-audit-40d6cca9db73/bridge/server.ts:605:13)
      at fixture (/private/tmp/walleterm-audit-40d6cca9db73/bridge/server.test.ts:120:16)
      at <anonymous> (/private/tmp/walleterm-audit-40d6cca9db73/bridge/server.test.ts:1034:19)
(fail) a cancel that arrives before its create blocks that request ID [0.18ms]
602 |     },
603 |     async listen() {
604 |       if (closing) throw Error('The bridge is stopping.');
605 |       await new Promise<void>((resolve, reject) => {
606 |         server.once('error', reject);
607 |         server.listen(port, '127.0.0.1', resolve);
                     ^
error: Failed to start server. Is port 0 in use?
 syscall: "listen",
   errno: 0,
    code: "EADDRINUSE"

      at <anonymous> (node:_http_server:359:39)
      at <anonymous> (node:_http_server:332:33)
      at <anonymous> (/private/tmp/walleterm-audit-40d6cca9db73/bridge/server.ts:607:16)
      at new Promise (1:11)
      at listen (/private/tmp/walleterm-audit-40d6cca9db73/bridge/server.ts:605:13)
      at fixture (/private/tmp/walleterm-audit-40d6cca9db73/bridge/server.test.ts:120:16)
      at <anonymous> (/private/tmp/walleterm-audit-40d6cca9db73/bridge/server.test.ts:1045:19)
(fail) concurrent key listings share one signer process [0.14ms]
602 |     },
603 |     async listen() {
604 |       if (closing) throw Error('The bridge is stopping.');
605 |       await new Promise<void>((resolve, reject) => {
606 |         server.once('error', reject);
607 |         server.listen(port, '127.0.0.1', resolve);
                     ^
error: Failed to start server. Is port 0 in use?
 syscall: "listen",
   errno: 0,
    code: "EADDRINUSE"

      at <anonymous> (node:_http_server:359:39)
      at <anonymous> (node:_http_server:332:33)
      at <anonymous> (/private/tmp/walleterm-audit-40d6cca9db73/bridge/server.ts:607:16)
      at new Promise (1:11)
      at listen (/private/tmp/walleterm-audit-40d6cca9db73/bridge/server.ts:605:13)
      at fixture (/private/tmp/walleterm-audit-40d6cca9db73/bridge/server.test.ts:120:16)
      at <anonymous> (/private/tmp/walleterm-audit-40d6cca9db73/bridge/server.test.ts:1062:19)
(fail) SDK retries stop when the connection changes [0.11ms]
602 |     },
603 |     async listen() {
604 |       if (closing) throw Error('The bridge is stopping.');
605 |       await new Promise<void>((resolve, reject) => {
606 |         server.once('error', reject);
607 |         server.listen(port, '127.0.0.1', resolve);
                     ^
error: Failed to start server. Is port 0 in use?
 syscall: "listen",
   errno: 0,
    code: "EADDRINUSE"

      at <anonymous> (node:_http_server:359:39)
      at <anonymous> (node:_http_server:332:33)
      at <anonymous> (/private/tmp/walleterm-audit-40d6cca9db73/bridge/server.ts:607:16)
      at new Promise (1:11)
      at listen (/private/tmp/walleterm-audit-40d6cca9db73/bridge/server.ts:605:13)
      at fixture (/private/tmp/walleterm-audit-40d6cca9db73/bridge/server.test.ts:120:16)
      at <anonymous> (/private/tmp/walleterm-audit-40d6cca9db73/bridge/server.test.ts:1079:19)
(fail) SDK reports an unconfirmed cancel and accepts a primitive abort reason [0.11ms]
602 |     },
603 |     async listen() {
604 |       if (closing) throw Error('The bridge is stopping.');
605 |       await new Promise<void>((resolve, reject) => {
606 |         server.once('error', reject);
607 |         server.listen(port, '127.0.0.1', resolve);
                     ^
error: Failed to start server. Is port 0 in use?
 syscall: "listen",
   errno: 0,
    code: "EADDRINUSE"

      at <anonymous> (node:_http_server:359:39)
      at <anonymous> (node:_http_server:332:33)
      at <anonymous> (/private/tmp/walleterm-audit-40d6cca9db73/bridge/server.ts:607:16)
      at new Promise (1:11)
      at listen (/private/tmp/walleterm-audit-40d6cca9db73/bridge/server.ts:605:13)
      at fixture (/private/tmp/walleterm-audit-40d6cca9db73/bridge/server.test.ts:120:16)
      at <anonymous> (/private/tmp/walleterm-audit-40d6cca9db73/bridge/server.test.ts:1101:19)
(fail) SDK does not retry a non-JSON 4xx response [0.09ms]
602 |     },
603 |     async listen() {
604 |       if (closing) throw Error('The bridge is stopping.');
605 |       await new Promise<void>((resolve, reject) => {
606 |         server.once('error', reject);
607 |         server.listen(port, '127.0.0.1', resolve);
                     ^
error: Failed to start server. Is port 0 in use?
 syscall: "listen",
   errno: 0,
    code: "EADDRINUSE"

      at <anonymous> (node:_http_server:359:39)
      at <anonymous> (node:_http_server:332:33)
      at <anonymous> (/private/tmp/walleterm-audit-40d6cca9db73/bridge/server.ts:607:16)
      at new Promise (1:11)
      at listen (/private/tmp/walleterm-audit-40d6cca9db73/bridge/server.ts:605:13)
      at fixture (/private/tmp/walleterm-audit-40d6cca9db73/bridge/server.test.ts:120:16)
      at <anonymous> (/private/tmp/walleterm-audit-40d6cca9db73/bridge/server.test.ts:1118:19)
(fail) a slow disconnect does not clear a newer connection [0.09ms]
602 |     },
603 |     async listen() {
604 |       if (closing) throw Error('The bridge is stopping.');
605 |       await new Promise<void>((resolve, reject) => {
606 |         server.once('error', reject);
607 |         server.listen(port, '127.0.0.1', resolve);
                     ^
error: Failed to start server. Is port 0 in use?
 syscall: "listen",
   errno: 0,
    code: "EADDRINUSE"

      at <anonymous> (node:_http_server:359:39)
      at <anonymous> (node:_http_server:332:33)
      at <anonymous> (/private/tmp/walleterm-audit-40d6cca9db73/bridge/server.ts:607:16)
      at new Promise (1:11)
      at listen (/private/tmp/walleterm-audit-40d6cca9db73/bridge/server.ts:605:13)
      at fixture (/private/tmp/walleterm-audit-40d6cca9db73/bridge/server.test.ts:120:16)
      at <anonymous> (/private/tmp/walleterm-audit-40d6cca9db73/bridge/server.test.ts:1147:19)
(fail) without a review hook, the bridge signs a valid request with no terminal step [0.09ms]

 3 pass
 41 fail
Ran 44 tests across 1 file. [118.00ms]
