bun test v1.4.2 (744846f84)

bridge/server.test.ts:
(pass) short codes expire, rotate once, and pause for one minute after five incorrect attempts [8.94ms]
(pass) an unused code rotates at expiry [0.09ms]
(pass) ended sessions release their connection slots [18.30ms]
(pass) two origins have separate authority; only the review hook decides a request [10.78ms]
(pass) wallet discovery requires a session and legacy wallet selection cannot change [2.63ms]
(pass) scoped wallets pin the displayed list and never renew the connection deadline [2.32ms]
(pass) first selection rejects a replaced discovery grant and an unknown scope [1.50ms]
(pass) switches cancel queued reviews, preserve other sessions, and reject A-B-A delayed requests [6.56ms]
(pass) simultaneous switches use compare-and-set after delayed discovery [18.87ms]
(pass) a switch during approved withholds the old result [2.46ms]
(pass) a switch during signing withholds the old result [3.97ms]
(pass) a switch during signed withholds the old result [3.84ms]
(pass) SDK switches in one session and recovers a lost selection response [3.45ms]
(pass) a delayed account response cannot overwrite a newer SDK wallet [7.89ms]
(pass) a delayed request body fails after switching away and back [4.21ms]
(pass) expiry aborts active signing and switching never extends the deadline [2.85ms]
(pass) SDK withholds a delayed successful signature after a same-session wallet change [8.18ms]
(pass) scoped signing fails closed after a key is removed or discovery fails [2.58ms]
(pass) SDK keeps signing blocked when an aborted selection still awaits discovery [2.82ms]
(pass) SDK rejects account reads started during a wallet selection [1.75ms]
(pass) SDK preserves signing uncertainty when session expiry prevents cancellation [5.05ms]
(pass) invalid or excessive transactions never invoke review or signing [3.59ms]
(pass) review records exact offer price, destination, memo and data bytes [1.53ms]
(pass) denial, expiry and removal of a key do not sign [2.68ms]
(pass) canceling a queued review never signs; only one review runs at a time [2.12ms]
(pass) cancellation during signing withholds the signature [13.21ms]
(pass) revocation during signing withholds the signature [12.47ms]
(pass) invalid signatures are never delivered [2.52ms]
(pass) restart invalidates old credentials and requests [2.68ms]
(pass) SDK uses the code and wallet picker, signs, and reconnects after revocation [10.06ms]
(pass) SDK preserves denied state and clears a canceled wallet selection [8.07ms]
(pass) aborting an SDK request cancels its review and never signs [7.44ms]
(pass) invalid UTF-8 data names fail before review [0.37ms]
(pass) closing the bridge aborts signing and reports it [2.45ms]
(pass) canceling a signed request withholds its result [3.79ms]
(pass) SDK retries a failed poll and a lost first response [8.95ms]
(pass) leaving the page cancels an open SDK request [12.97ms]
(pass) a cancel that arrives before its create blocks that request ID [2.33ms]
(pass) concurrent key listings share one signer process [22.87ms]
(pass) SDK retries stop when the connection changes [3.62ms]
(pass) SDK reports an unconfirmed cancel and accepts a primitive abort reason [7.17ms]
(pass) SDK does not retry a non-JSON 4xx response [1.93ms]
(pass) a slow disconnect does not clear a newer connection [2.54ms]
(pass) without a review hook, the bridge signs a valid request with no terminal step [3.40ms]

 44 pass
 0 fail
Ran 44 tests across 1 file. [344.00ms]
