bun test v1.4.2 (744846f84)

bridge/server.test.ts:
602 |     },
603 |     async listen() {
604 |       if (closing) throw Error('The bridge is stopping.');
605 |       await new Promise<void>((resolve, reject) => {
606 |         server.once('error', reject);
607 |         server.listen(port, '127.0.0.1', resolve);
                     ^
error: Failed to start server. Is port 0 in use?
 syscall: "listen",
   errno: 0,
    code: "EADDRINUSE"

      at <anonymous> (node:_http_server:359:39)
      at <anonymous> (node:_http_server:332:33)
      at <anonymous> (/private/tmp/walleterm-audit-40d6cca9db73/bridge/server.ts:607:16)
      at new Promise (1:11)
      at listen (/private/tmp/walleterm-audit-40d6cca9db73/bridge/server.ts:605:13)
      at fixture (/private/tmp/walleterm-audit-40d6cca9db73/bridge/server.test.ts:120:16)
      at <anonymous> (/private/tmp/walleterm-audit-40d6cca9db73/bridge/server.test.ts:353:19)
(fail) switches cancel queued reviews, preserve other sessions, and reject A-B-A delayed requests [1.39ms]
602 |     },
603 |     async listen() {
604 |       if (closing) throw Error('The bridge is stopping.');
605 |       await new Promise<void>((resolve, reject) => {
606 |         server.once('error', reject);
607 |         server.listen(port, '127.0.0.1', resolve);
                     ^
error: Failed to start server. Is port 0 in use?
 syscall: "listen",
   errno: 0,
    code: "EADDRINUSE"

      at <anonymous> (node:_http_server:359:39)
      at <anonymous> (node:_http_server:332:33)
      at <anonymous> (/private/tmp/walleterm-audit-40d6cca9db73/bridge/server.ts:607:16)
      at new Promise (1:11)
      at listen (/private/tmp/walleterm-audit-40d6cca9db73/bridge/server.ts:605:13)
      at fixture (/private/tmp/walleterm-audit-40d6cca9db73/bridge/server.test.ts:120:16)
      at <anonymous> (/private/tmp/walleterm-audit-40d6cca9db73/bridge/server.test.ts:405:21)
(fail) a switch during approved withholds the old result [0.21ms]
602 |     },
603 |     async listen() {
604 |       if (closing) throw Error('The bridge is stopping.');
605 |       await new Promise<void>((resolve, reject) => {
606 |         server.once('error', reject);
607 |         server.listen(port, '127.0.0.1', resolve);
                     ^
error: Failed to start server. Is port 0 in use?
 syscall: "listen",
   errno: 0,
    code: "EADDRINUSE"

      at <anonymous> (node:_http_server:359:39)
      at <anonymous> (node:_http_server:332:33)
      at <anonymous> (/private/tmp/walleterm-audit-40d6cca9db73/bridge/server.ts:607:16)
      at new Promise (1:11)
      at listen (/private/tmp/walleterm-audit-40d6cca9db73/bridge/server.ts:605:13)
      at fixture (/private/tmp/walleterm-audit-40d6cca9db73/bridge/server.test.ts:120:16)
      at <anonymous> (/private/tmp/walleterm-audit-40d6cca9db73/bridge/server.test.ts:405:21)
(fail) a switch during signing withholds the old result [0.09ms]
602 |     },
603 |     async listen() {
604 |       if (closing) throw Error('The bridge is stopping.');
605 |       await new Promise<void>((resolve, reject) => {
606 |         server.once('error', reject);
607 |         server.listen(port, '127.0.0.1', resolve);
                     ^
error: Failed to start server. Is port 0 in use?
 syscall: "listen",
   errno: 0,
    code: "EADDRINUSE"

      at <anonymous> (node:_http_server:359:39)
      at <anonymous> (node:_http_server:332:33)
      at <anonymous> (/private/tmp/walleterm-audit-40d6cca9db73/bridge/server.ts:607:16)
      at new Promise (1:11)
      at listen (/private/tmp/walleterm-audit-40d6cca9db73/bridge/server.ts:605:13)
      at fixture (/private/tmp/walleterm-audit-40d6cca9db73/bridge/server.test.ts:120:16)
      at <anonymous> (/private/tmp/walleterm-audit-40d6cca9db73/bridge/server.test.ts:405:21)
(fail) a switch during signed withholds the old result [0.08ms]
602 |     },
603 |     async listen() {
604 |       if (closing) throw Error('The bridge is stopping.');
605 |       await new Promise<void>((resolve, reject) => {
606 |         server.once('error', reject);
607 |         server.listen(port, '127.0.0.1', resolve);
                     ^
error: Failed to start server. Is port 0 in use?
 syscall: "listen",
   errno: 0,
    code: "EADDRINUSE"

      at <anonymous> (node:_http_server:359:39)
      at <anonymous> (node:_http_server:332:33)
      at <anonymous> (/private/tmp/walleterm-audit-40d6cca9db73/bridge/server.ts:607:16)
      at new Promise (1:11)
      at listen (/private/tmp/walleterm-audit-40d6cca9db73/bridge/server.ts:605:13)
      at fixture (/private/tmp/walleterm-audit-40d6cca9db73/bridge/server.test.ts:120:16)
      at <anonymous> (/private/tmp/walleterm-audit-40d6cca9db73/bridge/server.test.ts:575:19)
(fail) SDK withholds a delayed successful signature after a same-session wallet change [0.13ms]
602 |     },
603 |     async listen() {
604 |       if (closing) throw Error('The bridge is stopping.');
605 |       await new Promise<void>((resolve, reject) => {
606 |         server.once('error', reject);
607 |         server.listen(port, '127.0.0.1', resolve);
                     ^
error: Failed to start server. Is port 0 in use?
 syscall: "listen",
   errno: 0,
    code: "EADDRINUSE"

      at <anonymous> (node:_http_server:359:39)
      at <anonymous> (node:_http_server:332:33)
      at <anonymous> (/private/tmp/walleterm-audit-40d6cca9db73/bridge/server.ts:607:16)
      at new Promise (1:11)
      at listen (/private/tmp/walleterm-audit-40d6cca9db73/bridge/server.ts:605:13)
      at fixture (/private/tmp/walleterm-audit-40d6cca9db73/bridge/server.test.ts:120:16)
      at <anonymous> (/private/tmp/walleterm-audit-40d6cca9db73/bridge/server.test.ts:713:19)
(fail) SDK preserves signing uncertainty when session expiry prevents cancellation [0.12ms]

 0 pass
 38 filtered out
 6 fail
Ran 6 tests across 1 file. [75.00ms]
