bun test v1.4.2 (744846f84)

../../../Users/kalepail/Desktop/walleterm-v2/audit/2026-09-26/checks/04-sdk-astra/remote-switch.test.ts:
602 |     },
603 |     async listen() {
604 |       if (closing) throw Error('The bridge is stopping.');
605 |       await new Promise<void>((resolve, reject) => {
606 |         server.once('error', reject);
607 |         server.listen(port, '127.0.0.1', resolve);
                     ^
error: Failed to start server. Is port 0 in use?
 syscall: "listen",
   errno: 0,
    code: "EADDRINUSE"

      at <anonymous> (node:_http_server:359:39)
      at <anonymous> (node:_http_server:332:33)
      at <anonymous> (/private/tmp/walleterm-audit-40d6cca9db73/bridge/server.ts:607:16)
      at new Promise (1:11)
      at listen (/private/tmp/walleterm-audit-40d6cca9db73/bridge/server.ts:605:13)
      at <anonymous> (/Users/kalepail/Desktop/walleterm-v2/audit/2026-09-26/checks/04-sdk-astra/remote-switch.test.ts:21:18)
(fail) reproduces a delayed signature after a remote A-B switch [11.89ms]
602 |     },
603 |     async listen() {
604 |       if (closing) throw Error('The bridge is stopping.');
605 |       await new Promise<void>((resolve, reject) => {
606 |         server.once('error', reject);
607 |         server.listen(port, '127.0.0.1', resolve);
                     ^
error: Failed to start server. Is port 0 in use?
 syscall: "listen",
   errno: 0,
    code: "EADDRINUSE"

      at <anonymous> (node:_http_server:359:39)
      at <anonymous> (node:_http_server:332:33)
      at <anonymous> (/private/tmp/walleterm-audit-40d6cca9db73/bridge/server.ts:607:16)
      at new Promise (1:11)
      at listen (/private/tmp/walleterm-audit-40d6cca9db73/bridge/server.ts:605:13)
      at <anonymous> (/Users/kalepail/Desktop/walleterm-v2/audit/2026-09-26/checks/04-sdk-astra/remote-switch.test.ts:21:18)
(fail) reproduces a delayed signature after a remote A-B-A switch [0.59ms]

 0 pass
 2 fail
Ran 2 tests across 1 file. [287.00ms]
