{
  "status": "SUCCESS",
  "ledger": 4866629,
  "application_order": 7,
  "fee_bump": false,
  "tx_hash": "05c4fe40ae4e0f651d0840914b9a74dc4d4b9f2366cf498446e700fc63d1f245",
  "created_at": 1790356732,
  "envelope": {
    "tx": {
      "tx": {
        "source_account": "GBSW6N4WGTIOH3ZJMFSEW4KU5RYLUP5YIK3ISNYFR4644WTSWXGMGZAA",
        "fee": 432998,
        "seq_num": "20897180558557218",
        "cond": {
          "time": {
            "min_time": "0",
            "max_time": "1790357616"
          }
        },
        "memo": "none",
        "operations": [
          {
            "source_account": null,
            "body": {
              "invoke_host_function": {
                "host_function": {
                  "invoke_contract": {
                    "contract_address": "CD2AHFORL2QCB5DPZK7GEV32YJNVADNLBJQ6QZG6HMBFUAZ725IUEWRD",
                    "function_name": "ping",
                    "args": [
                      {
                        "address": "CCPAACPWFYCUI4HJYDKSXMFEK7XXCEGMV25TL5MXBJZVNV73ZVHNNJMZ"
                      },
                      {
                        "u32": 1
                      }
                    ]
                  }
                },
                "auth": [
                  {
                    "credentials": {
                      "address": {
                        "address": "CCPAACPWFYCUI4HJYDKSXMFEK7XXCEGMV25TL5MXBJZVNV73ZVHNNJMZ",
                        "nonce": "5505918231393208785",
                        "signature_expiration_ledger": 4866775,
                        "signature": {
                          "map": [
                            {
                              "key": {
                                "symbol": "context_rule_ids"
                              },
                              "val": {
                                "vec": [
                                  {
                                    "u32": 0
                                  }
                                ]
                              }
                            },
                            {
                              "key": {
                                "symbol": "signers"
                              },
                              "val": {
                                "map": [
                                  {
                                    "key": {
                                      "vec": [
                                        {
                                          "symbol": "External"
                                        },
                                        {
                                          "address": "CBW4YZ2CA7LBE7QYXCK7WEWLIJOQAZCHOVCFHPEMOYWJ2SI67UFHVMLR"
                                        },
                                        {
                                          "bytes": "594f569dacfe1555069747badc783b7e2c632c2e958581585e97e09363b2e45e"
                                        }
                                      ]
                                    },
                                    "val": {
                                      "bytes": "e94bcbb481f5cba99e26f7b648a9e1997e469a3d5c5ed7f69be059b4c10dc3413ece825654b3b948717001bef49c1d4a30ed84d51f13e860890ac95d5d01e009"
                                    }
                                  },
                                  {
                                    "key": {
                                      "vec": [
                                        {
                                          "symbol": "External"
                                        },
                                        {
                                          "address": "CBW4YZ2CA7LBE7QYXCK7WEWLIJOQAZCHOVCFHPEMOYWJ2SI67UFHVMLR"
                                        },
                                        {
                                          "bytes": "656f379634d0e3ef2961644b7154ec70ba3fb842b68937058f3dce5a72b5ccc3"
                                        }
                                      ]
                                    },
                                    "val": {
                                      "bytes": "635574164785a39885d0d061697d1aba020868bf2278a6af10fdd014c4298bd7394edd4c156158d5e9e4d7b473b863f680c3fdc5307e4b5516cbfec87cf62600"
                                    }
                                  }
                                ]
                              }
                            }
                          ]
                        }
                      }
                    },
                    "root_invocation": {
                      "function": {
                        "contract_fn": {
                          "contract_address": "CD2AHFORL2QCB5DPZK7GEV32YJNVADNLBJQ6QZG6HMBFUAZ725IUEWRD",
                          "function_name": "ping",
                          "args": [
                            {
                              "address": "CCPAACPWFYCUI4HJYDKSXMFEK7XXCEGMV25TL5MXBJZVNV73ZVHNNJMZ"
                            },
                            {
                              "u32": 1
                            }
                          ]
                        }
                      },
                      "sub_invocations": []
                    }
                  }
                ]
              }
            }
          }
        ],
        "ext": {
          "v1": {
            "ext": "v0",
            "resources": {
              "footprint": {
                "read_only": [
                  {
                    "contract_data": {
                      "contract": "CAT33LBVCRJT2U3X6IFDZ2QMCWEYPCWZNBEAVVNXAALZZHVLZ5OXKOMV",
                      "key": {
                        "vec": [
                          {
                            "symbol": "AccountContext"
                          },
                          {
                            "address": "CCPAACPWFYCUI4HJYDKSXMFEK7XXCEGMV25TL5MXBJZVNV73ZVHNNJMZ"
                          },
                          {
                            "u32": 0
                          }
                        ]
                      },
                      "durability": "persistent"
                    }
                  },
                  {
                    "contract_data": {
                      "contract": "CAT33LBVCRJT2U3X6IFDZ2QMCWEYPCWZNBEAVVNXAALZZHVLZ5OXKOMV",
                      "key": "ledger_key_contract_instance",
                      "durability": "persistent"
                    }
                  },
                  {
                    "contract_data": {
                      "contract": "CBW4YZ2CA7LBE7QYXCK7WEWLIJOQAZCHOVCFHPEMOYWJ2SI67UFHVMLR",
                      "key": "ledger_key_contract_instance",
                      "durability": "persistent"
                    }
                  },
                  {
                    "contract_data": {
                      "contract": "CCPAACPWFYCUI4HJYDKSXMFEK7XXCEGMV25TL5MXBJZVNV73ZVHNNJMZ",
                      "key": {
                        "vec": [
                          {
                            "symbol": "ContextRuleData"
                          },
                          {
                            "u32": 0
                          }
                        ]
                      },
                      "durability": "persistent"
                    }
                  },
                  {
                    "contract_data": {
                      "contract": "CCPAACPWFYCUI4HJYDKSXMFEK7XXCEGMV25TL5MXBJZVNV73ZVHNNJMZ",
                      "key": {
                        "vec": [
                          {
                            "symbol": "PolicyData"
                          },
                          {
                            "u32": 0
                          }
                        ]
                      },
                      "durability": "persistent"
                    }
                  },
                  {
                    "contract_data": {
                      "contract": "CCPAACPWFYCUI4HJYDKSXMFEK7XXCEGMV25TL5MXBJZVNV73ZVHNNJMZ",
                      "key": {
                        "vec": [
                          {
                            "symbol": "SignerData"
                          },
                          {
                            "u32": 0
                          }
                        ]
                      },
                      "durability": "persistent"
                    }
                  },
                  {
                    "contract_data": {
                      "contract": "CCPAACPWFYCUI4HJYDKSXMFEK7XXCEGMV25TL5MXBJZVNV73ZVHNNJMZ",
                      "key": {
                        "vec": [
                          {
                            "symbol": "SignerData"
                          },
                          {
                            "u32": 1
                          }
                        ]
                      },
                      "durability": "persistent"
                    }
                  },
                  {
                    "contract_data": {
                      "contract": "CCPAACPWFYCUI4HJYDKSXMFEK7XXCEGMV25TL5MXBJZVNV73ZVHNNJMZ",
                      "key": {
                        "vec": [
                          {
                            "symbol": "SignerData"
                          },
                          {
                            "u32": 2
                          }
                        ]
                      },
                      "durability": "persistent"
                    }
                  },
                  {
                    "contract_data": {
                      "contract": "CCPAACPWFYCUI4HJYDKSXMFEK7XXCEGMV25TL5MXBJZVNV73ZVHNNJMZ",
                      "key": "ledger_key_contract_instance",
                      "durability": "persistent"
                    }
                  },
                  {
                    "contract_data": {
                      "contract": "CD2AHFORL2QCB5DPZK7GEV32YJNVADNLBJQ6QZG6HMBFUAZ725IUEWRD",
                      "key": "ledger_key_contract_instance",
                      "durability": "persistent"
                    }
                  },
                  {
                    "contract_code": {
                      "hash": "04a9a33cd3f56a0f16aca0db6b18e4b624416f3393cfeb1e0ce8bcc0d47fcdf5"
                    }
                  },
                  {
                    "contract_code": {
                      "hash": "0c20d69644a16562f98a6be92101d8d95475dd3cbc45923c2a2b5f6a5126f0d0"
                    }
                  },
                  {
                    "contract_code": {
                      "hash": "875b095d57291172d2f103b02240cdb72bc4157fc0d5ce7dfbc934b1d84209b4"
                    }
                  },
                  {
                    "contract_code": {
                      "hash": "9525e49335e2dd8bd6d547980e4273ad47104c2f1d155e49f835c452545bc16a"
                    }
                  }
                ],
                "read_write": [
                  {
                    "contract_data": {
                      "contract": "CCPAACPWFYCUI4HJYDKSXMFEK7XXCEGMV25TL5MXBJZVNV73ZVHNNJMZ",
                      "key": {
                        "ledger_key_nonce": {
                          "nonce": "5505918231393208785"
                        }
                      },
                      "durability": "temporary"
                    }
                  },
                  {
                    "contract_data": {
                      "contract": "CD2AHFORL2QCB5DPZK7GEV32YJNVADNLBJQ6QZG6HMBFUAZ725IUEWRD",
                      "key": {
                        "vec": [
                          {
                            "symbol": "Count"
                          },
                          {
                            "address": "CCPAACPWFYCUI4HJYDKSXMFEK7XXCEGMV25TL5MXBJZVNV73ZVHNNJMZ"
                          }
                        ]
                      },
                      "durability": "persistent"
                    }
                  }
                ]
              },
              "instructions": 4067703,
              "disk_read_bytes": 0,
              "write_bytes": 204
            },
            "resource_fee": "33973"
          }
        }
      },
      "signatures": [
        {
          "hint": "72b5ccc3",
          "signature": "89e0c61a98f2b0105b38d9a357fa00e70fb6b16bbafacba9bf7e1375dff38d34ad79cc1e79b2a86af4d342c4051db1bb068af07b0b06d18184ed75a3f64c0f0f"
        }
      ]
    }
  },
  "result": {
    "fee_charged": "23603",
    "result": {
      "tx_success": [
        {
          "op_inner": {
            "invoke_host_function": {
              "success": "ef73711e8909cf68158ec9d3dcf9209029651b059b7cc8bb8007661a606ebd87"
            }
          }
        }
      ]
    },
    "ext": "v0"
  },
  "result_meta": {
    "v4": {
      "ext": "v0",
      "tx_changes_before": [
        {
          "state": {
            "last_modified_ledger_seq": 4866629,
            "data": {
              "account": {
                "account_id": "GBSW6N4WGTIOH3ZJMFSEW4KU5RYLUP5YIK3ISNYFR4644WTSWXGMGZAA",
                "balance": "199851314506",
                "seq_num": "20897180558557217",
                "num_sub_entries": 0,
                "inflation_dest": null,
                "flags": 0,
                "home_domain": "",
                "thresholds": "01000000",
                "signers": [],
                "ext": {
                  "v1": {
                    "liabilities": {
                      "buying": "0",
                      "selling": "0"
                    },
                    "ext": {
                      "v2": {
                        "num_sponsored": 0,
                        "num_sponsoring": 0,
                        "signer_sponsoring_i_ds": [],
                        "ext": {
                          "v3": {
                            "ext": "v0",
                            "seq_ledger": 4866622,
                            "seq_time": "1790356697"
                          }
                        }
                      }
                    }
                  }
                }
              }
            },
            "ext": "v0"
          }
        },
        {
          "updated": {
            "last_modified_ledger_seq": 4866629,
            "data": {
              "account": {
                "account_id": "GBSW6N4WGTIOH3ZJMFSEW4KU5RYLUP5YIK3ISNYFR4644WTSWXGMGZAA",
                "balance": "199851314506",
                "seq_num": "20897180558557218",
                "num_sub_entries": 0,
                "inflation_dest": null,
                "flags": 0,
                "home_domain": "",
                "thresholds": "01000000",
                "signers": [],
                "ext": {
                  "v1": {
                    "liabilities": {
                      "buying": "0",
                      "selling": "0"
                    },
                    "ext": {
                      "v2": {
                        "num_sponsored": 0,
                        "num_sponsoring": 0,
                        "signer_sponsoring_i_ds": [],
                        "ext": {
                          "v3": {
                            "ext": "v0",
                            "seq_ledger": 4866629,
                            "seq_time": "1790356732"
                          }
                        }
                      }
                    }
                  }
                }
              }
            },
            "ext": "v0"
          }
        }
      ],
      "operations": [
        {
          "ext": "v0",
          "changes": [
            {
              "state": {
                "last_modified_ledger_seq": 4865722,
                "data": {
                  "contract_data": {
                    "ext": "v0",
                    "contract": "CD2AHFORL2QCB5DPZK7GEV32YJNVADNLBJQ6QZG6HMBFUAZ725IUEWRD",
                    "key": {
                      "vec": [
                        {
                          "symbol": "Count"
                        },
                        {
                          "address": "CCPAACPWFYCUI4HJYDKSXMFEK7XXCEGMV25TL5MXBJZVNV73ZVHNNJMZ"
                        }
                      ]
                    },
                    "durability": "persistent",
                    "val": {
                      "u32": 2
                    }
                  }
                },
                "ext": "v0"
              }
            },
            {
              "updated": {
                "last_modified_ledger_seq": 4866629,
                "data": {
                  "contract_data": {
                    "ext": "v0",
                    "contract": "CD2AHFORL2QCB5DPZK7GEV32YJNVADNLBJQ6QZG6HMBFUAZ725IUEWRD",
                    "key": {
                      "vec": [
                        {
                          "symbol": "Count"
                        },
                        {
                          "address": "CCPAACPWFYCUI4HJYDKSXMFEK7XXCEGMV25TL5MXBJZVNV73ZVHNNJMZ"
                        }
                      ]
                    },
                    "durability": "persistent",
                    "val": {
                      "u32": 3
                    }
                  }
                },
                "ext": "v0"
              }
            },
            {
              "created": {
                "last_modified_ledger_seq": 4866629,
                "data": {
                  "ttl": {
                    "key_hash": "e35a5c6b791563685d02ccc195748065a2bf7bcb4222b28e0b745447985e5ed7",
                    "live_until_ledger_seq": 4867348
                  }
                },
                "ext": "v0"
              }
            },
            {
              "created": {
                "last_modified_ledger_seq": 4866629,
                "data": {
                  "contract_data": {
                    "ext": "v0",
                    "contract": "CCPAACPWFYCUI4HJYDKSXMFEK7XXCEGMV25TL5MXBJZVNV73ZVHNNJMZ",
                    "key": {
                      "ledger_key_nonce": {
                        "nonce": "5505918231393208785"
                      }
                    },
                    "durability": "temporary",
                    "val": "void"
                  }
                },
                "ext": "v0"
              }
            }
          ],
          "events": [
            {
              "ext": "v0",
              "contract_id": "CAT33LBVCRJT2U3X6IFDZ2QMCWEYPCWZNBEAVVNXAALZZHVLZ5OXKOMV",
              "type_": "contract",
              "body": {
                "v0": {
                  "topics": [
                    {
                      "symbol": "simple_enforced"
                    },
                    {
                      "address": "CCPAACPWFYCUI4HJYDKSXMFEK7XXCEGMV25TL5MXBJZVNV73ZVHNNJMZ"
                    }
                  ],
                  "data": {
                    "map": [
                      {
                        "key": {
                          "symbol": "authenticated_signers"
                        },
                        "val": {
                          "vec": [
                            {
                              "vec": [
                                {
                                  "symbol": "External"
                                },
                                {
                                  "address": "CBW4YZ2CA7LBE7QYXCK7WEWLIJOQAZCHOVCFHPEMOYWJ2SI67UFHVMLR"
                                },
                                {
                                  "bytes": "594f569dacfe1555069747badc783b7e2c632c2e958581585e97e09363b2e45e"
                                }
                              ]
                            },
                            {
                              "vec": [
                                {
                                  "symbol": "External"
                                },
                                {
                                  "address": "CBW4YZ2CA7LBE7QYXCK7WEWLIJOQAZCHOVCFHPEMOYWJ2SI67UFHVMLR"
                                },
                                {
                                  "bytes": "656f379634d0e3ef2961644b7154ec70ba3fb842b68937058f3dce5a72b5ccc3"
                                }
                              ]
                            }
                          ]
                        }
                      },
                      {
                        "key": {
                          "symbol": "context"
                        },
                        "val": {
                          "vec": [
                            {
                              "symbol": "Contract"
                            },
                            {
                              "map": [
                                {
                                  "key": {
                                    "symbol": "args"
                                  },
                                  "val": {
                                    "vec": [
                                      {
                                        "address": "CCPAACPWFYCUI4HJYDKSXMFEK7XXCEGMV25TL5MXBJZVNV73ZVHNNJMZ"
                                      },
                                      {
                                        "u32": 1
                                      }
                                    ]
                                  }
                                },
                                {
                                  "key": {
                                    "symbol": "contract"
                                  },
                                  "val": {
                                    "address": "CD2AHFORL2QCB5DPZK7GEV32YJNVADNLBJQ6QZG6HMBFUAZ725IUEWRD"
                                  }
                                },
                                {
                                  "key": {
                                    "symbol": "fn_name"
                                  },
                                  "val": {
                                    "symbol": "ping"
                                  }
                                }
                              ]
                            }
                          ]
                        }
                      },
                      {
                        "key": {
                          "symbol": "context_rule_id"
                        },
                        "val": {
                          "u32": 0
                        }
                      }
                    ]
                  }
                }
              }
            }
          ]
        }
      ],
      "tx_changes_after": [],
      "soroban_meta": {
        "ext": {
          "v1": {
            "ext": "v0",
            "total_non_refundable_resource_fee_charged": "17760",
            "total_refundable_resource_fee_charged": "5743",
            "rent_fee_charged": "2618"
          }
        },
        "return_value": {
          "u32": 3
        }
      },
      "events": [
        {
          "stage": "before_all_txs",
          "event": {
            "ext": "v0",
            "contract_id": "CDLZFC3SYJYDZT7K67VZ75HPJVIEUVNIXF47ZG2FB2RMQQVU2HHGCYSC",
            "type_": "contract",
            "body": {
              "v0": {
                "topics": [
                  {
                    "symbol": "fee"
                  },
                  {
                    "address": "GBSW6N4WGTIOH3ZJMFSEW4KU5RYLUP5YIK3ISNYFR4644WTSWXGMGZAA"
                  }
                ],
                "data": {
                  "i128": "34073"
                }
              }
            }
          }
        },
        {
          "stage": "after_all_txs",
          "event": {
            "ext": "v0",
            "contract_id": "CDLZFC3SYJYDZT7K67VZ75HPJVIEUVNIXF47ZG2FB2RMQQVU2HHGCYSC",
            "type_": "contract",
            "body": {
              "v0": {
                "topics": [
                  {
                    "symbol": "fee"
                  },
                  {
                    "address": "GBSW6N4WGTIOH3ZJMFSEW4KU5RYLUP5YIK3ISNYFR4644WTSWXGMGZAA"
                  }
                ],
                "data": {
                  "i128": "-10470"
                }
              }
            }
          }
        }
      ],
      "diagnostic_events": [
        {
          "in_successful_contract_call": true,
          "event": {
            "ext": "v0",
            "contract_id": null,
            "type_": "diagnostic",
            "body": {
              "v0": {
                "topics": [
                  {
                    "symbol": "fn_call"
                  },
                  {
                    "bytes": "f40395d15ea020f46fcabe62577ac25b500dab0a61e864de3b025a033fd75142"
                  },
                  {
                    "symbol": "ping"
                  }
                ],
                "data": {
                  "vec": [
                    {
                      "address": "CCPAACPWFYCUI4HJYDKSXMFEK7XXCEGMV25TL5MXBJZVNV73ZVHNNJMZ"
                    },
                    {
                      "u32": 1
                    }
                  ]
                }
              }
            }
          }
        },
        {
          "in_successful_contract_call": true,
          "event": {
            "ext": "v0",
            "contract_id": "CD2AHFORL2QCB5DPZK7GEV32YJNVADNLBJQ6QZG6HMBFUAZ725IUEWRD",
            "type_": "diagnostic",
            "body": {
              "v0": {
                "topics": [
                  {
                    "symbol": "fn_call"
                  },
                  {
                    "bytes": "9e0009f62e054470e9c0d52bb0a457ef7110ccaebb35f5970a7356d7fbcd4ed6"
                  },
                  {
                    "symbol": "__check_auth"
                  }
                ],
                "data": {
                  "vec": [
                    {
                      "bytes": "78eda8e8b513e06f4d54e7b36a72a2856667dcec80d9cb5a95016d68f628b4fd"
                    },
                    {
                      "map": [
                        {
                          "key": {
                            "symbol": "context_rule_ids"
                          },
                          "val": {
                            "vec": [
                              {
                                "u32": 0
                              }
                            ]
                          }
                        },
                        {
                          "key": {
                            "symbol": "signers"
                          },
                          "val": {
                            "map": [
                              {
                                "key": {
                                  "vec": [
                                    {
                                      "symbol": "External"
                                    },
                                    {
                                      "address": "CBW4YZ2CA7LBE7QYXCK7WEWLIJOQAZCHOVCFHPEMOYWJ2SI67UFHVMLR"
                                    },
                                    {
                                      "bytes": "594f569dacfe1555069747badc783b7e2c632c2e958581585e97e09363b2e45e"
                                    }
                                  ]
                                },
                                "val": {
                                  "bytes": "e94bcbb481f5cba99e26f7b648a9e1997e469a3d5c5ed7f69be059b4c10dc3413ece825654b3b948717001bef49c1d4a30ed84d51f13e860890ac95d5d01e009"
                                }
                              },
                              {
                                "key": {
                                  "vec": [
                                    {
                                      "symbol": "External"
                                    },
                                    {
                                      "address": "CBW4YZ2CA7LBE7QYXCK7WEWLIJOQAZCHOVCFHPEMOYWJ2SI67UFHVMLR"
                                    },
                                    {
                                      "bytes": "656f379634d0e3ef2961644b7154ec70ba3fb842b68937058f3dce5a72b5ccc3"
                                    }
                                  ]
                                },
                                "val": {
                                  "bytes": "635574164785a39885d0d061697d1aba020868bf2278a6af10fdd014c4298bd7394edd4c156158d5e9e4d7b473b863f680c3fdc5307e4b5516cbfec87cf62600"
                                }
                              }
                            ]
                          }
                        }
                      ]
                    },
                    {
                      "vec": [
                        {
                          "vec": [
                            {
                              "symbol": "Contract"
                            },
                            {
                              "map": [
                                {
                                  "key": {
                                    "symbol": "args"
                                  },
                                  "val": {
                                    "vec": [
                                      {
                                        "address": "CCPAACPWFYCUI4HJYDKSXMFEK7XXCEGMV25TL5MXBJZVNV73ZVHNNJMZ"
                                      },
                                      {
                                        "u32": 1
                                      }
                                    ]
                                  }
                                },
                                {
                                  "key": {
                                    "symbol": "contract"
                                  },
                                  "val": {
                                    "address": "CD2AHFORL2QCB5DPZK7GEV32YJNVADNLBJQ6QZG6HMBFUAZ725IUEWRD"
                                  }
                                },
                                {
                                  "key": {
                                    "symbol": "fn_name"
                                  },
                                  "val": {
                                    "symbol": "ping"
                                  }
                                }
                              ]
                            }
                          ]
                        }
                      ]
                    }
                  ]
                }
              }
            }
          }
        },
        {
          "in_successful_contract_call": true,
          "event": {
            "ext": "v0",
            "contract_id": "CCPAACPWFYCUI4HJYDKSXMFEK7XXCEGMV25TL5MXBJZVNV73ZVHNNJMZ",
            "type_": "diagnostic",
            "body": {
              "v0": {
                "topics": [
                  {
                    "symbol": "fn_call"
                  },
                  {
                    "bytes": "6dcc674207d6127e18b895fb12cb425d006447754453bc8c762c9d491efd0a7a"
                  },
                  {
                    "symbol": "verify"
                  }
                ],
                "data": {
                  "vec": [
                    {
                      "bytes": "16027dafd8f365001d63e7ca6a66c0bf3119d3c35ab1732530f3f37620c1b740"
                    },
                    {
                      "bytes": "594f569dacfe1555069747badc783b7e2c632c2e958581585e97e09363b2e45e"
                    },
                    {
                      "bytes": "e94bcbb481f5cba99e26f7b648a9e1997e469a3d5c5ed7f69be059b4c10dc3413ece825654b3b948717001bef49c1d4a30ed84d51f13e860890ac95d5d01e009"
                    }
                  ]
                }
              }
            }
          }
        },
        {
          "in_successful_contract_call": true,
          "event": {
            "ext": "v0",
            "contract_id": "CBW4YZ2CA7LBE7QYXCK7WEWLIJOQAZCHOVCFHPEMOYWJ2SI67UFHVMLR",
            "type_": "diagnostic",
            "body": {
              "v0": {
                "topics": [
                  {
                    "symbol": "fn_return"
                  },
                  {
                    "symbol": "verify"
                  }
                ],
                "data": {
                  "bool": true
                }
              }
            }
          }
        },
        {
          "in_successful_contract_call": true,
          "event": {
            "ext": "v0",
            "contract_id": "CCPAACPWFYCUI4HJYDKSXMFEK7XXCEGMV25TL5MXBJZVNV73ZVHNNJMZ",
            "type_": "diagnostic",
            "body": {
              "v0": {
                "topics": [
                  {
                    "symbol": "fn_call"
                  },
                  {
                    "bytes": "6dcc674207d6127e18b895fb12cb425d006447754453bc8c762c9d491efd0a7a"
                  },
                  {
                    "symbol": "verify"
                  }
                ],
                "data": {
                  "vec": [
                    {
                      "bytes": "16027dafd8f365001d63e7ca6a66c0bf3119d3c35ab1732530f3f37620c1b740"
                    },
                    {
                      "bytes": "656f379634d0e3ef2961644b7154ec70ba3fb842b68937058f3dce5a72b5ccc3"
                    },
                    {
                      "bytes": "635574164785a39885d0d061697d1aba020868bf2278a6af10fdd014c4298bd7394edd4c156158d5e9e4d7b473b863f680c3fdc5307e4b5516cbfec87cf62600"
                    }
                  ]
                }
              }
            }
          }
        },
        {
          "in_successful_contract_call": true,
          "event": {
            "ext": "v0",
            "contract_id": "CBW4YZ2CA7LBE7QYXCK7WEWLIJOQAZCHOVCFHPEMOYWJ2SI67UFHVMLR",
            "type_": "diagnostic",
            "body": {
              "v0": {
                "topics": [
                  {
                    "symbol": "fn_return"
                  },
                  {
                    "symbol": "verify"
                  }
                ],
                "data": {
                  "bool": true
                }
              }
            }
          }
        },
        {
          "in_successful_contract_call": true,
          "event": {
            "ext": "v0",
            "contract_id": "CCPAACPWFYCUI4HJYDKSXMFEK7XXCEGMV25TL5MXBJZVNV73ZVHNNJMZ",
            "type_": "diagnostic",
            "body": {
              "v0": {
                "topics": [
                  {
                    "symbol": "fn_call"
                  },
                  {
                    "bytes": "27bdac3514533d5377f20a3cea0c1589878ad968480ad5b700179c9eabcf5d75"
                  },
                  {
                    "symbol": "enforce"
                  }
                ],
                "data": {
                  "vec": [
                    {
                      "vec": [
                        {
                          "symbol": "Contract"
                        },
                        {
                          "map": [
                            {
                              "key": {
                                "symbol": "args"
                              },
                              "val": {
                                "vec": [
                                  {
                                    "address": "CCPAACPWFYCUI4HJYDKSXMFEK7XXCEGMV25TL5MXBJZVNV73ZVHNNJMZ"
                                  },
                                  {
                                    "u32": 1
                                  }
                                ]
                              }
                            },
                            {
                              "key": {
                                "symbol": "contract"
                              },
                              "val": {
                                "address": "CD2AHFORL2QCB5DPZK7GEV32YJNVADNLBJQ6QZG6HMBFUAZ725IUEWRD"
                              }
                            },
                            {
                              "key": {
                                "symbol": "fn_name"
                              },
                              "val": {
                                "symbol": "ping"
                              }
                            }
                          ]
                        }
                      ]
                    },
                    {
                      "vec": [
                        {
                          "vec": [
                            {
                              "symbol": "External"
                            },
                            {
                              "address": "CBW4YZ2CA7LBE7QYXCK7WEWLIJOQAZCHOVCFHPEMOYWJ2SI67UFHVMLR"
                            },
                            {
                              "bytes": "594f569dacfe1555069747badc783b7e2c632c2e958581585e97e09363b2e45e"
                            }
                          ]
                        },
                        {
                          "vec": [
                            {
                              "symbol": "External"
                            },
                            {
                              "address": "CBW4YZ2CA7LBE7QYXCK7WEWLIJOQAZCHOVCFHPEMOYWJ2SI67UFHVMLR"
                            },
                            {
                              "bytes": "656f379634d0e3ef2961644b7154ec70ba3fb842b68937058f3dce5a72b5ccc3"
                            }
                          ]
                        }
                      ]
                    },
                    {
                      "map": [
                        {
                          "key": {
                            "symbol": "context_type"
                          },
                          "val": {
                            "vec": [
                              {
                                "symbol": "Default"
                              }
                            ]
                          }
                        },
                        {
                          "key": {
                            "symbol": "id"
                          },
                          "val": {
                            "u32": 0
                          }
                        },
                        {
                          "key": {
                            "symbol": "name"
                          },
                          "val": {
                            "string": "multisig"
                          }
                        },
                        {
                          "key": {
                            "symbol": "policies"
                          },
                          "val": {
                            "vec": [
                              {
                                "address": "CAT33LBVCRJT2U3X6IFDZ2QMCWEYPCWZNBEAVVNXAALZZHVLZ5OXKOMV"
                              }
                            ]
                          }
                        },
                        {
                          "key": {
                            "symbol": "policy_ids"
                          },
                          "val": {
                            "vec": [
                              {
                                "u32": 0
                              }
                            ]
                          }
                        },
                        {
                          "key": {
                            "symbol": "signer_ids"
                          },
                          "val": {
                            "vec": [
                              {
                                "u32": 0
                              },
                              {
                                "u32": 1
                              },
                              {
                                "u32": 2
                              }
                            ]
                          }
                        },
                        {
                          "key": {
                            "symbol": "signers"
                          },
                          "val": {
                            "vec": [
                              {
                                "vec": [
                                  {
                                    "symbol": "External"
                                  },
                                  {
                                    "address": "CBW4YZ2CA7LBE7QYXCK7WEWLIJOQAZCHOVCFHPEMOYWJ2SI67UFHVMLR"
                                  },
                                  {
                                    "bytes": "594f569dacfe1555069747badc783b7e2c632c2e958581585e97e09363b2e45e"
                                  }
                                ]
                              },
                              {
                                "vec": [
                                  {
                                    "symbol": "External"
                                  },
                                  {
                                    "address": "CBW4YZ2CA7LBE7QYXCK7WEWLIJOQAZCHOVCFHPEMOYWJ2SI67UFHVMLR"
                                  },
                                  {
                                    "bytes": "656f379634d0e3ef2961644b7154ec70ba3fb842b68937058f3dce5a72b5ccc3"
                                  }
                                ]
                              },
                              {
                                "vec": [
                                  {
                                    "symbol": "External"
                                  },
                                  {
                                    "address": "CBW4YZ2CA7LBE7QYXCK7WEWLIJOQAZCHOVCFHPEMOYWJ2SI67UFHVMLR"
                                  },
                                  {
                                    "bytes": "c185c309eccb6e495905d2535fdd3500b0861d16e886e48957bc80008033a290"
                                  }
                                ]
                              }
                            ]
                          }
                        },
                        {
                          "key": {
                            "symbol": "valid_until"
                          },
                          "val": "void"
                        }
                      ]
                    },
                    {
                      "address": "CCPAACPWFYCUI4HJYDKSXMFEK7XXCEGMV25TL5MXBJZVNV73ZVHNNJMZ"
                    }
                  ]
                }
              }
            }
          }
        },
        {
          "in_successful_contract_call": true,
          "event": {
            "ext": "v0",
            "contract_id": "CAT33LBVCRJT2U3X6IFDZ2QMCWEYPCWZNBEAVVNXAALZZHVLZ5OXKOMV",
            "type_": "contract",
            "body": {
              "v0": {
                "topics": [
                  {
                    "symbol": "simple_enforced"
                  },
                  {
                    "address": "CCPAACPWFYCUI4HJYDKSXMFEK7XXCEGMV25TL5MXBJZVNV73ZVHNNJMZ"
                  }
                ],
                "data": {
                  "map": [
                    {
                      "key": {
                        "symbol": "authenticated_signers"
                      },
                      "val": {
                        "vec": [
                          {
                            "vec": [
                              {
                                "symbol": "External"
                              },
                              {
                                "address": "CBW4YZ2CA7LBE7QYXCK7WEWLIJOQAZCHOVCFHPEMOYWJ2SI67UFHVMLR"
                              },
                              {
                                "bytes": "594f569dacfe1555069747badc783b7e2c632c2e958581585e97e09363b2e45e"
                              }
                            ]
                          },
                          {
                            "vec": [
                              {
                                "symbol": "External"
                              },
                              {
                                "address": "CBW4YZ2CA7LBE7QYXCK7WEWLIJOQAZCHOVCFHPEMOYWJ2SI67UFHVMLR"
                              },
                              {
                                "bytes": "656f379634d0e3ef2961644b7154ec70ba3fb842b68937058f3dce5a72b5ccc3"
                              }
                            ]
                          }
                        ]
                      }
                    },
                    {
                      "key": {
                        "symbol": "context"
                      },
                      "val": {
                        "vec": [
                          {
                            "symbol": "Contract"
                          },
                          {
                            "map": [
                              {
                                "key": {
                                  "symbol": "args"
                                },
                                "val": {
                                  "vec": [
                                    {
                                      "address": "CCPAACPWFYCUI4HJYDKSXMFEK7XXCEGMV25TL5MXBJZVNV73ZVHNNJMZ"
                                    },
                                    {
                                      "u32": 1
                                    }
                                  ]
                                }
                              },
                              {
                                "key": {
                                  "symbol": "contract"
                                },
                                "val": {
                                  "address": "CD2AHFORL2QCB5DPZK7GEV32YJNVADNLBJQ6QZG6HMBFUAZ725IUEWRD"
                                }
                              },
                              {
                                "key": {
                                  "symbol": "fn_name"
                                },
                                "val": {
                                  "symbol": "ping"
                                }
                              }
                            ]
                          }
                        ]
                      }
                    },
                    {
                      "key": {
                        "symbol": "context_rule_id"
                      },
                      "val": {
                        "u32": 0
                      }
                    }
                  ]
                }
              }
            }
          }
        },
        {
          "in_successful_contract_call": true,
          "event": {
            "ext": "v0",
            "contract_id": "CAT33LBVCRJT2U3X6IFDZ2QMCWEYPCWZNBEAVVNXAALZZHVLZ5OXKOMV",
            "type_": "diagnostic",
            "body": {
              "v0": {
                "topics": [
                  {
                    "symbol": "fn_return"
                  },
                  {
                    "symbol": "enforce"
                  }
                ],
                "data": "void"
              }
            }
          }
        },
        {
          "in_successful_contract_call": true,
          "event": {
            "ext": "v0",
            "contract_id": "CCPAACPWFYCUI4HJYDKSXMFEK7XXCEGMV25TL5MXBJZVNV73ZVHNNJMZ",
            "type_": "diagnostic",
            "body": {
              "v0": {
                "topics": [
                  {
                    "symbol": "fn_return"
                  },
                  {
                    "symbol": "__check_auth"
                  }
                ],
                "data": "void"
              }
            }
          }
        },
        {
          "in_successful_contract_call": true,
          "event": {
            "ext": "v0",
            "contract_id": "CD2AHFORL2QCB5DPZK7GEV32YJNVADNLBJQ6QZG6HMBFUAZ725IUEWRD",
            "type_": "diagnostic",
            "body": {
              "v0": {
                "topics": [
                  {
                    "symbol": "fn_return"
                  },
                  {
                    "symbol": "ping"
                  }
                ],
                "data": {
                  "u32": 3
                }
              }
            }
          }
        },
        {
          "in_successful_contract_call": true,
          "event": {
            "ext": "v0",
            "contract_id": null,
            "type_": "diagnostic",
            "body": {
              "v0": {
                "topics": [
                  {
                    "symbol": "core_metrics"
                  },
                  {
                    "symbol": "read_entry"
                  }
                ],
                "data": {
                  "u64": "16"
                }
              }
            }
          }
        },
        {
          "in_successful_contract_call": true,
          "event": {
            "ext": "v0",
            "contract_id": null,
            "type_": "diagnostic",
            "body": {
              "v0": {
                "topics": [
                  {
                    "symbol": "core_metrics"
                  },
                  {
                    "symbol": "write_entry"
                  }
                ],
                "data": {
                  "u64": "2"
                }
              }
            }
          }
        },
        {
          "in_successful_contract_call": true,
          "event": {
            "ext": "v0",
            "contract_id": null,
            "type_": "diagnostic",
            "body": {
              "v0": {
                "topics": [
                  {
                    "symbol": "core_metrics"
                  },
                  {
                    "symbol": "ledger_read_byte"
                  }
                ],
                "data": {
                  "u64": "0"
                }
              }
            }
          }
        },
        {
          "in_successful_contract_call": true,
          "event": {
            "ext": "v0",
            "contract_id": null,
            "type_": "diagnostic",
            "body": {
              "v0": {
                "topics": [
                  {
                    "symbol": "core_metrics"
                  },
                  {
                    "symbol": "ledger_write_byte"
                  }
                ],
                "data": {
                  "u64": "204"
                }
              }
            }
          }
        },
        {
          "in_successful_contract_call": true,
          "event": {
            "ext": "v0",
            "contract_id": null,
            "type_": "diagnostic",
            "body": {
              "v0": {
                "topics": [
                  {
                    "symbol": "core_metrics"
                  },
                  {
                    "symbol": "read_key_byte"
                  }
                ],
                "data": {
                  "u64": "0"
                }
              }
            }
          }
        },
        {
          "in_successful_contract_call": true,
          "event": {
            "ext": "v0",
            "contract_id": null,
            "type_": "diagnostic",
            "body": {
              "v0": {
                "topics": [
                  {
                    "symbol": "core_metrics"
                  },
                  {
                    "symbol": "write_key_byte"
                  }
                ],
                "data": {
                  "u64": "0"
                }
              }
            }
          }
        },
        {
          "in_successful_contract_call": true,
          "event": {
            "ext": "v0",
            "contract_id": null,
            "type_": "diagnostic",
            "body": {
              "v0": {
                "topics": [
                  {
                    "symbol": "core_metrics"
                  },
                  {
                    "symbol": "read_data_byte"
                  }
                ],
                "data": {
                  "u64": "0"
                }
              }
            }
          }
        },
        {
          "in_successful_contract_call": true,
          "event": {
            "ext": "v0",
            "contract_id": null,
            "type_": "diagnostic",
            "body": {
              "v0": {
                "topics": [
                  {
                    "symbol": "core_metrics"
                  },
                  {
                    "symbol": "write_data_byte"
                  }
                ],
                "data": {
                  "u64": "204"
                }
              }
            }
          }
        },
        {
          "in_successful_contract_call": true,
          "event": {
            "ext": "v0",
            "contract_id": null,
            "type_": "diagnostic",
            "body": {
              "v0": {
                "topics": [
                  {
                    "symbol": "core_metrics"
                  },
                  {
                    "symbol": "read_code_byte"
                  }
                ],
                "data": {
                  "u64": "0"
                }
              }
            }
          }
        },
        {
          "in_successful_contract_call": true,
          "event": {
            "ext": "v0",
            "contract_id": null,
            "type_": "diagnostic",
            "body": {
              "v0": {
                "topics": [
                  {
                    "symbol": "core_metrics"
                  },
                  {
                    "symbol": "write_code_byte"
                  }
                ],
                "data": {
                  "u64": "0"
                }
              }
            }
          }
        },
        {
          "in_successful_contract_call": true,
          "event": {
            "ext": "v0",
            "contract_id": null,
            "type_": "diagnostic",
            "body": {
              "v0": {
                "topics": [
                  {
                    "symbol": "core_metrics"
                  },
                  {
                    "symbol": "emit_event"
                  }
                ],
                "data": {
                  "u64": "1"
                }
              }
            }
          }
        },
        {
          "in_successful_contract_call": true,
          "event": {
            "ext": "v0",
            "contract_id": null,
            "type_": "diagnostic",
            "body": {
              "v0": {
                "topics": [
                  {
                    "symbol": "core_metrics"
                  },
                  {
                    "symbol": "emit_event_byte"
                  }
                ],
                "data": {
                  "u64": "640"
                }
              }
            }
          }
        },
        {
          "in_successful_contract_call": true,
          "event": {
            "ext": "v0",
            "contract_id": null,
            "type_": "diagnostic",
            "body": {
              "v0": {
                "topics": [
                  {
                    "symbol": "core_metrics"
                  },
                  {
                    "symbol": "cpu_insn"
                  }
                ],
                "data": {
                  "u64": "3802893"
                }
              }
            }
          }
        },
        {
          "in_successful_contract_call": true,
          "event": {
            "ext": "v0",
            "contract_id": null,
            "type_": "diagnostic",
            "body": {
              "v0": {
                "topics": [
                  {
                    "symbol": "core_metrics"
                  },
                  {
                    "symbol": "mem_byte"
                  }
                ],
                "data": {
                  "u64": "3940871"
                }
              }
            }
          }
        },
        {
          "in_successful_contract_call": true,
          "event": {
            "ext": "v0",
            "contract_id": null,
            "type_": "diagnostic",
            "body": {
              "v0": {
                "topics": [
                  {
                    "symbol": "core_metrics"
                  },
                  {
                    "symbol": "invoke_time_nsecs"
                  }
                ],
                "data": {
                  "u64": "1115557"
                }
              }
            }
          }
        },
        {
          "in_successful_contract_call": true,
          "event": {
            "ext": "v0",
            "contract_id": null,
            "type_": "diagnostic",
            "body": {
              "v0": {
                "topics": [
                  {
                    "symbol": "core_metrics"
                  },
                  {
                    "symbol": "max_rw_key_byte"
                  }
                ],
                "data": {
                  "u64": "112"
                }
              }
            }
          }
        },
        {
          "in_successful_contract_call": true,
          "event": {
            "ext": "v0",
            "contract_id": null,
            "type_": "diagnostic",
            "body": {
              "v0": {
                "topics": [
                  {
                    "symbol": "core_metrics"
                  },
                  {
                    "symbol": "max_rw_data_byte"
                  }
                ],
                "data": {
                  "u64": "132"
                }
              }
            }
          }
        },
        {
          "in_successful_contract_call": true,
          "event": {
            "ext": "v0",
            "contract_id": null,
            "type_": "diagnostic",
            "body": {
              "v0": {
                "topics": [
                  {
                    "symbol": "core_metrics"
                  },
                  {
                    "symbol": "max_rw_code_byte"
                  }
                ],
                "data": {
                  "u64": "0"
                }
              }
            }
          }
        },
        {
          "in_successful_contract_call": true,
          "event": {
            "ext": "v0",
            "contract_id": null,
            "type_": "diagnostic",
            "body": {
              "v0": {
                "topics": [
                  {
                    "symbol": "core_metrics"
                  },
                  {
                    "symbol": "max_emit_event_byte"
                  }
                ],
                "data": {
                  "u64": "632"
                }
              }
            }
          }
        }
      ]
    }
  },
  "events": {
    "contract_events": [
      [
        {
          "ext": "v0",
          "contract_id": "CAT33LBVCRJT2U3X6IFDZ2QMCWEYPCWZNBEAVVNXAALZZHVLZ5OXKOMV",
          "type_": "contract",
          "body": {
            "v0": {
              "topics": [
                {
                  "symbol": "simple_enforced"
                },
                {
                  "address": "CCPAACPWFYCUI4HJYDKSXMFEK7XXCEGMV25TL5MXBJZVNV73ZVHNNJMZ"
                }
              ],
              "data": {
                "map": [
                  {
                    "key": {
                      "symbol": "authenticated_signers"
                    },
                    "val": {
                      "vec": [
                        {
                          "vec": [
                            {
                              "symbol": "External"
                            },
                            {
                              "address": "CBW4YZ2CA7LBE7QYXCK7WEWLIJOQAZCHOVCFHPEMOYWJ2SI67UFHVMLR"
                            },
                            {
                              "bytes": "594f569dacfe1555069747badc783b7e2c632c2e958581585e97e09363b2e45e"
                            }
                          ]
                        },
                        {
                          "vec": [
                            {
                              "symbol": "External"
                            },
                            {
                              "address": "CBW4YZ2CA7LBE7QYXCK7WEWLIJOQAZCHOVCFHPEMOYWJ2SI67UFHVMLR"
                            },
                            {
                              "bytes": "656f379634d0e3ef2961644b7154ec70ba3fb842b68937058f3dce5a72b5ccc3"
                            }
                          ]
                        }
                      ]
                    }
                  },
                  {
                    "key": {
                      "symbol": "context"
                    },
                    "val": {
                      "vec": [
                        {
                          "symbol": "Contract"
                        },
                        {
                          "map": [
                            {
                              "key": {
                                "symbol": "args"
                              },
                              "val": {
                                "vec": [
                                  {
                                    "address": "CCPAACPWFYCUI4HJYDKSXMFEK7XXCEGMV25TL5MXBJZVNV73ZVHNNJMZ"
                                  },
                                  {
                                    "u32": 1
                                  }
                                ]
                              }
                            },
                            {
                              "key": {
                                "symbol": "contract"
                              },
                              "val": {
                                "address": "CD2AHFORL2QCB5DPZK7GEV32YJNVADNLBJQ6QZG6HMBFUAZ725IUEWRD"
                              }
                            },
                            {
                              "key": {
                                "symbol": "fn_name"
                              },
                              "val": {
                                "symbol": "ping"
                              }
                            }
                          ]
                        }
                      ]
                    }
                  },
                  {
                    "key": {
                      "symbol": "context_rule_id"
                    },
                    "val": {
                      "u32": 0
                    }
                  }
                ]
              }
            }
          }
        }
      ]
    ],
    "diagnostic_events": [],
    "transaction_events": [
      {
        "stage": "before_all_txs",
        "event": {
          "ext": "v0",
          "contract_id": "CDLZFC3SYJYDZT7K67VZ75HPJVIEUVNIXF47ZG2FB2RMQQVU2HHGCYSC",
          "type_": "contract",
          "body": {
            "v0": {
              "topics": [
                {
                  "symbol": "fee"
                },
                {
                  "address": "GBSW6N4WGTIOH3ZJMFSEW4KU5RYLUP5YIK3ISNYFR4644WTSWXGMGZAA"
                }
              ],
              "data": {
                "i128": "34073"
              }
            }
          }
        }
      },
      {
        "stage": "after_all_txs",
        "event": {
          "ext": "v0",
          "contract_id": "CDLZFC3SYJYDZT7K67VZ75HPJVIEUVNIXF47ZG2FB2RMQQVU2HHGCYSC",
          "type_": "contract",
          "body": {
            "v0": {
              "topics": [
                {
                  "symbol": "fee"
                },
                {
                  "address": "GBSW6N4WGTIOH3ZJMFSEW4KU5RYLUP5YIK3ISNYFR4644WTSWXGMGZAA"
                }
              ],
              "data": {
                "i128": "-10470"
              }
            }
          }
        }
      }
    ]
  }
}
