bun test v1.4.2 (744846f84)
{"ok":true,"self_test":"contracts.ts","rows":["C01","C02","C03","C04","C05","C06","C07","C08","C09","C10","C11","C12","C13"],"not_implemented":["Forced V1 credentials in this baseline runner; separate CLI usability evidence covers one legacy OZ case","CAP-71 delegate credentials","passkeys"]}
{"ok":true,"self_test":"extended-contracts.ts","rows":["E01","E02","E03"],"account_diagnostics":{"unordered":"public keys are not ordered","weight":"signature weight is lower than threshold"}}
{"ok":true,"self_test":"cap85.ts","rows":["X01","X02","X03","X04","X05","X06","X07"],"expectations":{"accountSigs":"Error(Contract, #5)","managerStale":{"error":"Error(Contract, #2)"},"accountNotExternalRef":{"error":"Error(Contract, #2)"},"unknownWasm":{"error":"Error(Storage, MissingValue)","diagnostic":"Wasm does not exist"},"wrongSigner":{"error":"Error(Contract, #5)","diagnostic":"signer does not belong to account"},"legacyDecode":{"error":"Error(Value, MissingValue)"}}}
$ bun run build && bun test && bun tests/contracts.ts && bun tests/extended-contracts.ts && bun tests/cap85.ts
$ bun scripts/build.ts && tsc -p tsconfig.sdk.json

bridge/code-view.test.ts:
(pass) JSON tokens preserve source text and keep HTML inert [0.86ms]
(pass) terminal command highlighting preserves spaces and newlines [0.87ms]
(pass) large, dense, and unsupported source remains complete plain text [1.44ms]
(pass) an older asynchronous highlight cannot replace newer content [0.05ms]
(pass) disclosures highlight on demand and preserve unchanged DOM and scroll [0.28ms]
(pass) demo rejects a malformed request target and keeps serving sessions [10.40ms]
(pass) demo serves the exact bundled assets under the existing strict CSP [7.98ms]

bridge/signer.test.ts:
(pass) stopping the signer kills its child and rejects the request [10.77ms]
(pass) wallet discovery excludes agent keys outside OP_VAULT [2.78ms]
(pass) wallet discovery uses OP_VAULT from the process environment [0.48ms]
(pass) an empty selected vault exposes no agent keys [0.25ms]
(pass) vault lookup failures never expose the unfiltered agent list or CLI diagnostics [0.61ms]
(pass) invalid vault metadata and malformed Ed25519 public keys stop wallet discovery [1.32ms]
(pass) unsupported vault keys do not become wallets [0.18ms]
(pass) an unset vault preserves agent discovery without a 1Password CLI call [0.16ms]
(pass) public key reads overlap with at most four active reads [0.39ms]
(pass) a failed public key read cancels its batch and waits for cleanup [0.34ms]
(pass) caller cancellation stops concurrent public key reads without returning wallets [0.29ms]

bridge/tunnel-child.test.ts:
(pass) a hard parent crash stops the tunnel supervisor and its stubborn child [1315.22ms]

bridge/activity.test.ts:
(pass) activity JSON redacts nested credentials without changing source data [0.51ms]
(pass) transport history preserves the original request, response body, and abort signal [1.40ms]
(pass) unchanged signing polls collapse while changed states and signatures remain searchable [16.60ms]
(pass) transaction history survives clearing and preserves earlier state snapshots [6.93ms]
(pass) history loading merges with new activity instead of overwriting it [6.23ms]
(pass) restored history drops stored credentials and events with malformed metadata [0.38ms]
(pass) storage and decoding failures do not block wallet response delivery [0.43ms]
(pass) request failures retain their original error and log without headers [0.32ms]
(pass) non-JSON responses remain readable and unrelated requests stay outside the log [0.36ms]

bridge/vault.test.ts:
(pass) real CLI subprocesses filter UUIDs and names using public fields only [364.34ms]
(pass) CLI failures and invalid JSON never return agent identities or diagnostics [341.19ms]
(pass) canceling vault discovery stops a CLI process that ignores SIGTERM [1825.11ms]
(pass) a missing 1Password CLI stops vault discovery without returning agent keys [167.69ms]
(pass) bridge discovery, selection, and signing rechecks enforce the vault through real CLI processes [499.66ms]
(pass) SDK wallet discovery and selection accept vault responses after fifteen seconds [16004.69ms]
(pass) caller cancellation still stops SDK vault discovery immediately [0.66ms]

bridge/sdk.test.ts:
(pass) wallet discovery can refresh without replacing the selected account [0.38ms]
(pass) discovery and selection permit slow vault lookup but keep a bounded deadline [0.56ms]
(pass) the caller can cancel discovery and selection before their long deadline [0.29ms]
(pass) an empty wallet picker can refresh discovery within its current connection [0.38ms]
(pass) signing retries preserve the request ID and report network recovery [5.79ms]
(pass) an unreachable bridge bounds cancellation and preserves signing uncertainty [10.82ms]
(pass) failed remote disconnection retains credentials until an explicit local discard [0.15ms]

bridge/launch.test.ts:
(pass) healthy checks stay silent after a minute and keep monitoring public access [12.84ms]
(pass) public health failures recover without replacing a healthy tunnel process [9.01ms]
(pass) a stopped tunnel gets a new URL without restarting the local service [5.68ms]
(pass) six failed public health checks replace an unreachable tunnel [18.74ms]
(pass) recovery pauses after three replacement attempts and preserves the local service [28.08ms]
(pass) a paused replacement prints its new URL once when a later public probe succeeds [25.14ms]
(pass) paused recovery resumes after the oldest restart leaves the ten-minute window [25.43ms]
(pass) shutdown during recovery cannot create another tunnel [15.53ms]
(pass) a split cloudflared URL selects only the tunnel origin [0.13ms]
(pass) the service owns its listener and an isolated tunnel, and prints the pairing code [23.67ms]
(pass) a narrow terminal prints the connection fields without a broken QR code [0.85ms]
(pass) a public readiness failure closes the listener and tunnel [0.37ms]
(pass) a public HTML error rejects the probe without an uncaught callback error [0.32ms]
(pass) cancellation during listener startup cannot start a tunnel or report readiness [0.09ms]
(pass) cancellation during public readiness cannot report readiness [0.29ms]
(pass) an exit immediately after the tunnel URL closes the listener [0.27ms]
(pass) readiness requires the exact service name [353.49ms]

bridge/scan.test.ts:
(pass) the QR decoder reads the tunnel payload and retains leading zeroes [10.77ms]
(pass) camera scan returns the connection and stops all camera tracks [7.53ms]
(pass) canceling before camera permission resolves stops the late stream [0.70ms]
(pass) canceling an unanswered camera request settles before permission responds [1.78ms]
(pass) canceling an unanswered video start stops the camera [1.77ms]
(pass) canceling during decoder loading ends the scan before camera access [0.47ms]
(pass) leaving the page before camera permission resolves stops the late stream [0.45ms]

bridge/runtime.test.ts:
(pass) a stopped child exits even when it ignores SIGTERM [116.48ms]

bridge/server.test.ts:
(pass) short codes expire, rotate once, and pause for one minute after five incorrect attempts [3.60ms]
(pass) an unused code rotates at expiry [0.08ms]
(pass) ended sessions release their connection slots [17.63ms]
(pass) two origins have separate authority; only the review hook decides a request [7.06ms]
(pass) wallet discovery requires a session and legacy wallet selection cannot change [2.23ms]
(pass) scoped wallets pin the displayed list and never renew the connection deadline [2.21ms]
(pass) first selection rejects a replaced discovery grant and an unknown scope [1.38ms]
(pass) switches cancel queued reviews, preserve other sessions, and reject A-B-A delayed requests [6.12ms]
(pass) simultaneous switches use compare-and-set after delayed discovery [20.36ms]
(pass) a switch during approved withholds the old result [2.44ms]
(pass) a switch during signing withholds the old result [3.88ms]
(pass) a switch during signed withholds the old result [3.89ms]
(pass) SDK switches in one session and recovers a lost selection response [3.69ms]
(pass) a delayed account response cannot overwrite a newer SDK wallet [8.20ms]
(pass) a delayed request body fails after switching away and back [3.70ms]
(pass) expiry aborts active signing and switching never extends the deadline [3.05ms]
(pass) SDK withholds a delayed successful signature after a same-session wallet change [8.19ms]
(pass) SDK checks an observed remote wallet revision before delayed success: unchanged [9.15ms]
(pass) SDK checks an observed remote wallet revision before delayed success: A-B [9.03ms]
(pass) SDK checks an observed remote wallet revision before delayed success: A-B-A [8.78ms]
(pass) scoped signing fails closed after a key is removed or discovery fails [2.79ms]
(pass) SDK keeps signing blocked when an aborted selection still awaits discovery [2.98ms]
(pass) SDK rejects account reads started during a wallet selection [1.81ms]
(pass) SDK preserves signing uncertainty when session expiry prevents cancellation [4.88ms]
(pass) invalid or excessive transactions never invoke review or signing [3.61ms]
(pass) review records exact offer price, destination, memo and data bytes [1.44ms]
(pass) denial, expiry and removal of a key do not sign [2.73ms]
(pass) canceling a queued review never signs; only one review runs at a time [2.01ms]
(pass) cancellation during signing withholds the signature [11.89ms]
(pass) revocation during signing withholds the signature [13.84ms]
(pass) invalid signatures are never delivered [2.57ms]
(pass) restart invalidates old credentials and requests [2.73ms]
(pass) SDK uses the code and wallet picker, signs, and reconnects after revocation [9.97ms]
(pass) SDK preserves denied state and clears a canceled wallet selection [8.38ms]
(pass) aborting an SDK request cancels its review and never signs [7.10ms]
(pass) invalid UTF-8 data names fail before review [0.17ms]
(pass) closing the bridge aborts signing and reports it [1.76ms]
(pass) canceling a signed request withholds its result [3.72ms]
(pass) SDK retries a failed poll and a lost first response [8.71ms]
(pass) leaving the page cancels an open SDK request [13.09ms]
(pass) a cancel that arrives before its create blocks that request ID [1.45ms]
(pass) concurrent key listings share one signer process [23.39ms]
(pass) SDK retries stop when the connection changes [3.21ms]
(pass) SDK reports an unconfirmed cancel and accepts a primitive abort reason [7.13ms]
(pass) SDK does not retry a non-JSON 4xx response [1.74ms]
(pass) a slow disconnect does not clear a newer connection [2.09ms]
(pass) without a review hook, the bridge signs a valid request with no terminal step [3.02ms]

bridge/site.test.ts:
(pass) note keeps transaction details after signing, reopening, and reload [4.42ms]
(pass) payment keeps transaction details after signing, reopening, and reload [2.69ms]
(pass) offer keeps transaction details after signing, reopening, and reload [2.85ms]
(pass) cancel_offer keeps transaction details after signing, reopening, and reload [2.48ms]
(pass) signing shows retry progress and stops at the server expiry after the page wakes [1.32ms]
(pass) wallet changes preserve the original transaction journal and signer [1.73ms]
(pass) an unknown signing outcome remains distinct from a confirmed cancellation [0.66ms]
(pass) demo denial and expiry finish the request; unknown submission remains protected after reload [0.86ms]
(pass) a reload preserves an open signing request until the user clears it [0.61ms]
(pass) an unreadable journal blocks new transaction actions [1.06ms]
(pass) a damaged journal still permits disconnect without changing storage [0.54ms]
(pass) another tab cannot overwrite an unknown submission [0.68ms]
(pass) demo selects an existing recent testnet account without recipient input [0.69ms]
(pass) recipient lookup reports failure without choosing an unchecked account [0.55ms]
(pass) demo funds a missing testnet account once with Friendbot [0.60ms]
(pass) demo reports a Friendbot failure and does not hide Horizon errors [1.03ms]
(pass) an unknown submission expires only after a ledger closes past its time bound [5.62ms]
(pass) a storage failure before signing leaves the demo usable [2.97ms]
(pass) cancel removes the newest open offer from Horizon [12.70ms]
(pass) a built transaction waits for Sign before it is signed [13.23ms]
(pass) a saved review with invalid XDR blocks actions without breaking the page [0.84ms]
(pass) the action modal opens before account lookup and keeps preparation errors visible [0.81ms]
(pass) connection work disables demo actions and signing without changing the journal [0.73ms]
(pass) only an active request shows progress; stopped signing cannot be canceled again [0.67ms]
(pass) completed transactions permit another action after wallet switching without a separate clear step [5.95ms]
(pass) unfinished transactions still prevent replacement after wallet switching [4.59ms]
(pass) another tab changing a completed record prevents its automatic replacement [0.84ms]
(pass) a storage failure preserves the completed record and prevents a new build [0.83ms]
(pass) submit from signed preserves the original transaction for empty object [1.53ms]
(pass) submit from signed preserves the original transaction for null [1.20ms]
(pass) submit from signed preserves the original transaction for primitive [1.20ms]
(pass) submit from signed preserves the original transaction for array [1.23ms]
(pass) submit from signed preserves the original transaction for hash=undefined [1.26ms]
(pass) submit from signed preserves the original transaction for hash=null [1.18ms]
(pass) submit from signed preserves the original transaction for hash=1 [1.01ms]
(pass) submit from signed preserves the original transaction for hash= [2.48ms]
(pass) submit from signed preserves the original transaction for hash=another-hash [1.55ms]
(pass) submit from signed preserves the original transaction for ledger=undefined [1.37ms]
(pass) submit from signed preserves the original transaction for ledger=null [1.23ms]
(pass) submit from signed preserves the original transaction for ledger=1 [1.24ms]
(pass) submit from signed preserves the original transaction for ledger=0 [1.21ms]
(pass) submit from signed preserves the original transaction for ledger=-1 [1.10ms]
(pass) submit from signed preserves the original transaction for ledger=1.5 [1.04ms]
(pass) submit from signed preserves the original transaction for ledger=9007199254740992 [1.09ms]
(pass) submit from signed preserves the original transaction for ledger=NaN [1.01ms]
(pass) submit from signed preserves the original transaction for ledger=Infinity [1.05ms]
(pass) submit from signed preserves the original transaction for successful=undefined [1.11ms]
(pass) submit from signed preserves the original transaction for successful=null [1.13ms]
(pass) submit from signed preserves the original transaction for successful=true [1.08ms]
(pass) submit from signed preserves the original transaction for successful=false [0.99ms]
(pass) submit from signed preserves the original transaction for successful=0 [1.00ms]
(pass) submit from signed preserves the original transaction for successful=1 [0.99ms]
(pass) submit from signed accepts the original on-ledger success [2.11ms]
(pass) submit from signed accepts the original on-ledger failure [1.37ms]
(pass) check from unknown preserves the original transaction for empty object [1.24ms]
(pass) check from unknown preserves the original transaction for null [1.10ms]
(pass) check from unknown preserves the original transaction for primitive [0.96ms]
(pass) check from unknown preserves the original transaction for array [0.91ms]
(pass) check from unknown preserves the original transaction for hash=undefined [0.97ms]
(pass) check from unknown preserves the original transaction for hash=null [0.95ms]
(pass) check from unknown preserves the original transaction for hash=1 [0.91ms]
(pass) check from unknown preserves the original transaction for hash= [0.91ms]
(pass) check from unknown preserves the original transaction for hash=another-hash [0.93ms]
(pass) check from unknown preserves the original transaction for ledger=undefined [0.93ms]
(pass) check from unknown preserves the original transaction for ledger=null [0.88ms]
(pass) check from unknown preserves the original transaction for ledger=1 [0.90ms]
(pass) check from unknown preserves the original transaction for ledger=0 [0.89ms]
(pass) check from unknown preserves the original transaction for ledger=-1 [0.91ms]
(pass) check from unknown preserves the original transaction for ledger=1.5 [1.80ms]
(pass) check from unknown preserves the original transaction for ledger=9007199254740992 [0.97ms]
(pass) check from unknown preserves the original transaction for ledger=NaN [1.89ms]
(pass) check from unknown preserves the original transaction for ledger=Infinity [1.21ms]
(pass) check from unknown preserves the original transaction for successful=undefined [0.98ms]
(pass) check from unknown preserves the original transaction for successful=null [0.92ms]
(pass) check from unknown preserves the original transaction for successful=true [0.93ms]
(pass) check from unknown preserves the original transaction for successful=false [0.90ms]
(pass) check from unknown preserves the original transaction for successful=0 [0.90ms]
(pass) check from unknown preserves the original transaction for successful=1 [0.90ms]
(pass) check from unknown accepts the original on-ledger success [0.78ms]
(pass) check from unknown accepts the original on-ledger failure [0.76ms]
(pass) check from submitting preserves the original transaction for empty object [0.97ms]
(pass) check from submitting preserves the original transaction for null [0.92ms]
(pass) check from submitting preserves the original transaction for primitive [0.90ms]
(pass) check from submitting preserves the original transaction for array [0.92ms]
(pass) check from submitting preserves the original transaction for hash=undefined [0.88ms]
(pass) check from submitting preserves the original transaction for hash=null [0.92ms]
(pass) check from submitting preserves the original transaction for hash=1 [0.88ms]
(pass) check from submitting preserves the original transaction for hash= [0.91ms]
(pass) check from submitting preserves the original transaction for hash=another-hash [0.90ms]
(pass) check from submitting preserves the original transaction for ledger=undefined [2.00ms]
(pass) check from submitting preserves the original transaction for ledger=null [0.95ms]
(pass) check from submitting preserves the original transaction for ledger=1 [0.91ms]
(pass) check from submitting preserves the original transaction for ledger=0 [0.88ms]
(pass) check from submitting preserves the original transaction for ledger=-1 [0.94ms]
(pass) check from submitting preserves the original transaction for ledger=1.5 [0.94ms]
(pass) check from submitting preserves the original transaction for ledger=9007199254740992 [0.86ms]
(pass) check from submitting preserves the original transaction for ledger=NaN [0.88ms]
(pass) check from submitting preserves the original transaction for ledger=Infinity [0.91ms]
(pass) check from submitting preserves the original transaction for successful=undefined [0.85ms]
(pass) check from submitting preserves the original transaction for successful=null [0.91ms]
(pass) check from submitting preserves the original transaction for successful=true [0.90ms]
(pass) check from submitting preserves the original transaction for successful=false [0.86ms]
(pass) check from submitting preserves the original transaction for successful=0 [0.89ms]
(pass) check from submitting preserves the original transaction for successful=1 [0.88ms]
(pass) check from submitting accepts the original on-ledger success [0.75ms]
(pass) check from submitting accepts the original on-ledger failure [0.76ms]
(pass) an invalid submission response recovers only through the original hash [1.20ms]
(pass) submit keeps an offer confirmed when optional offer decoding fails [7.09ms]
(pass) submit still decodes a valid offer result without a resting offer [1.62ms]
(pass) check keeps an offer confirmed when optional offer decoding fails [4.89ms]
(pass) check still decodes a valid offer result without a resting offer [0.88ms]
(pass) submission transport errors and tx_bad_seq still preserve uncertainty without retrying [2.84ms]

bridge/connect.test.ts:
(pass) reload checks the saved session before publishing the wallet and uses the live selection revision [1.78ms]
(pass) reload keeps an offline session and recovers it on the next health check without replaying requests [1.14ms]
(pass) reload removes a revoked or expired session and does not exchange the old connection code [0.83ms]
(pass) invalid saved details never send credentials, and unavailable storage does not break the UI [0.77ms]
(pass) explicit disconnect clears saved credentials even when remote revocation fails [0.90ms]
(pass) health checks retain credentials through a network failure and recover the connection [0.73ms]
(pass) an expired session removes the account and requires a new code [0.70ms]
(pass) health checks do not overlap or overwrite a newer connection [0.60ms]
(pass) manual replacement connects to a new tunnel when the previous tunnel cannot revoke its session [0.73ms]
(pass) manual disconnection discards an unreachable session locally and reports unconfirmed revocation [0.70ms]
(pass) opening the connection dialog focuses Scan and leaves camera access to an explicit action [0.76ms]
(pass) camera denial keeps manual entry available without input focus [0.68ms]
(pass) a successful scan fills the details and focuses Continue [0.64ms]
(pass) an old canceled scan cannot hide the camera after immediate reopening [0.73ms]
(pass) changing a wallet uses the current client and does not open the scanner [1.05ms]
(pass) opening the wallet menu renders known wallets without another lookup [0.76ms]
(pass) the connection UI publishes the recovered account after a lost selection response [0.77ms]
(pass) Continue requires an allowed origin and exactly eight digits [0.63ms]
(pass) a connection disables its inputs and prevents duplicate requests until failure settles [0.59ms]
(pass) wallet selection locks immediately and accepts only the first click [0.78ms]
(pass) wallet refresh prevents overlapping discovery and blocks selection until it settles [0.73ms]
(pass) retrying empty wallet discovery locks the retry button and restores it after failure [0.78ms]
(pass) destroying during camera permission stops the stream without updating the view [0.90ms]
(pass) destroying during camera video-start stops the stream without updating the view [2.61ms]
(pass) a scanner that returns after destruction cannot fill connection details [0.96ms]
(pass) destroying during discovery prevents late connection publication and storage changes [1.37ms]
(pass) destroying during wallet-choice prevents late connection publication and storage changes [0.97ms]
(pass) destroying during selection prevents late connection publication and storage changes [1.38ms]
(pass) destroying during replacement prevents late connection publication and storage changes [0.96ms]
(pass) destroying during replacement-failure prevents late connection publication and storage changes [0.82ms]
(pass) destroying an established view preserves its shared client and rejects new component work [0.90ms]
(pass) a busy callback can destroy the component before pairing creates a client [0.52ms]
(pass) dialog focus restoration can destroy the component before connection publication [0.70ms]
(pass) destruction from the state callback preserves connection ownership [0.58ms]
(pass) destruction from the connection callback preserves connection ownership [0.46ms]
(pass) a delayed refresh result cannot publish after destruction [0.70ms]
(pass) a delayed changeWallet result cannot publish after destruction [0.60ms]
(pass) a delayed checkHealth result cannot publish after destruction [0.56ms]

fixtures/build.test.ts:
(pass) fixture build accepts clean source [570.42ms]
(pass) fixture build rejects unstaged tracked changes [145.94ms]
(pass) fixture build rejects staged tracked changes [158.91ms]

scripts/install.test.ts:
(pass) installation failure preserves the previous release [380.06ms]
(pass) installation switches to a complete release [347.71ms]

scripts/syntax.test.ts:
(pass) the browser syntax bundle matches the typed tokenizer entry [5.31ms]

tests/checkpoint.test.ts:
(pass) checkpoint binds its network and public keys [0.53ms]
(pass) checkpoint rejects stale source, stale code, and unbound prior deployments [0.30ms]

tests/submission.test.ts:
(pass) archived rejection cannot clear a newer attempt with the same hash [1.73ms]
(pass) gate and envelope persist before send; sent response persists before lookup [0.99ms]
(pass) dropped send response retains original hash and blocks a second send [0.57ms]
(pass) dropped poll response retains sent response and blocks signer guard [0.60ms]
(pass) pending NOT_FOUND lookups reach a bounded deadline without resubmission [0.73ms]
(pass) a hanging send call times out and a late response cannot clear the gate [0.44ms]
(pass) a hanging lookup call times out and a late response cannot clear the gate [0.47ms]
(pass) a recreated guard remains blocked; NOT_FOUND reconciliation does not clear it [0.70ms]
(pass) explicit reconciliation clears only the original terminal SUCCESS hash [0.71ms]
(pass) explicit reconciliation clears only the original terminal FAILED hash [0.63ms]
(pass) reconciliation leaves PENDING blocked, including ERROR with a result [0.54ms]
(pass) reconciliation leaves DUPLICATE blocked, including ERROR with a result [0.51ms]
(pass) reconciliation leaves TRY_AGAIN_LATER blocked, including ERROR with a result [0.47ms]
(pass) reconciliation leaves ERROR blocked, including ERROR with a result [0.47ms]
(pass) reconciliation leaves unexpected blocked, including ERROR with a result [0.58ms]
(pass) PENDING followed by SUCCESS, expectFailure=false [0.69ms]
(pass) PENDING followed by SUCCESS, expectFailure=true [0.56ms]
(pass) PENDING followed by FAILED, expectFailure=false [0.55ms]
(pass) PENDING followed by FAILED, expectFailure=true [0.53ms]
(pass) DUPLICATE followed by SUCCESS, expectFailure=false [0.53ms]
(pass) DUPLICATE followed by SUCCESS, expectFailure=true [0.49ms]
(pass) DUPLICATE followed by FAILED, expectFailure=false [0.47ms]
(pass) DUPLICATE followed by FAILED, expectFailure=true [0.61ms]
(pass) definite ERROR plus errorResult clears the gate, expectFailure=false [0.66ms]
(pass) definite ERROR plus errorResult clears the gate, expectFailure=true [0.51ms]
(pass) nonterminal send ERROR blocks even when failure was expected [0.49ms]
(pass) nonterminal send TRY_AGAIN_LATER blocks even when failure was expected [0.42ms]
(pass) nonterminal send NOT_FOUND blocks even when failure was expected [0.41ms]
(pass) nonterminal send unexpected blocks even when failure was expected [0.49ms]
(pass) separate attempts with the same label preserve previous archives exactly [1.13ms]
(pass) another guard cannot send while the first call is still pending [0.69ms]
(pass) a changed response hash cannot replace the original submission hash [0.75ms]
(pass) network mismatch and malformed gates fail closed without an RPC call [0.72ms]
(pass) a response after the absolute deadline cannot clear the gate [0.49ms]
(pass) a separate process reads the unresolved gate before signer use [16.50ms]
(pass) a nonterminal polling response blocks without another send [0.70ms]

tests/cli-pipeline.test.ts:
(pass) CLI01 preserves the original envelope and blocks another attempt after send-timeout [22.03ms]
(pass) CLI01 preserves the original envelope and blocks another attempt after lookup-lost [24.00ms]
(pass) CLI01 preserves the original envelope and blocks another attempt after not-found [75.15ms]
(pass) CLI01 confirms SUCCESS through original-hash lookup and retains CLI output [6.16ms]
(pass) CLI01 clears a saved attempt after original-hash reconciliation returns FAILED [3.25ms]

tests/site-bridge.test.ts:
(pass) a reviewed V1 XDR crosses the legacy page bridge once [1199.72ms]

tests/cap71.test.ts:
(pass) native tree signs one shared root-bound digest and records before signing [4.05ms]
(pass) SDK sorts tree levels and rejects duplicate delegates before signing [1.50ms]
(pass) gate failure prevents direct CAP71 signatures and evidence prompts [0.10ms]
(pass) native substitution changes the digest without changing nonce or invocation [1.17ms]
(pass) address_v2 same-key account substitution fails cryptographic verification [1.08ms]
(pass) malformed order negatives preserve the signed payload at each tree level [3.53ms]
(pass) missing G signature preserves the present delegate and every signed payload field [2.36ms]
(pass) error oracle checks exact contract code and duplicate diagnostic [0.25ms]
(pass) paired root and nested comparisons use a successful control and preserve signed fields [11.66ms]
(pass) paired comparison rejects failed or incomplete controls before mutation simulation [5.79ms]
(pass) paired comparison rejects wrong errors and available contradictory diagnostics [9.41ms]
(pass) paired comparison rejects expired, nearly expired, missing, or reversed ledger evidence [8.60ms]
(pass) checkpoint fails closed on corruption, binding change, and interrupted submission [3.50ms]
(pass) interrupted rows label saved checks separately from the current protocol without repeating work [7.13ms]
(pass) setup performs enforce simulation and stops before any envelope signing on failure [0.80ms]
(pass) unknown row IDs fail before RPC, signing, or checkpoint access [0.17ms]
(pass) mocked CAP71 run > mocked setup and native calls enforce before signing; restart reuses confirmed steps [20.26ms]
(pass) mocked CAP71 run > malicious RPC roots and unexpected subinvocations cause zero signing requests [12.00ms]

tests/cap85.test.ts:
(pass) X02: SUCCESS recovery verifies and persists the original counter delta [1.25ms]
(pass) X02: a mismatched counter cannot become a passed cached step on restart [0.53ms]
(pass) X03: SUCCESS recovery verifies and persists the original counter delta [0.54ms]
(pass) X03: a mismatched counter cannot become a passed cached step on restart [0.36ms]
(pass) SUCCESS without the original counter precondition fails closed [0.34ms]
(pass) startup queries both saved hashes and checks the counter before assertClear [0.59ms]
(pass) an unknown shared outcome stops before local recovery or assertClear [0.39ms]
(pass) an unknown local outcome keeps the checkpoint and stops before assertClear [0.39ms]
(pass) X04 accepts the expected v2 executable and rejects each wrong identity or version [0.10ms]

 341 pass
 0 fail
Ran 341 tests across 21 files. [24.96s]
