=== RUN   TestListAndSignWithOfflineMock
=== RUN   TestListAndSignWithOfflineMock/list
    main_test.go:147: listen unix /private/tmp/wt-3064517928/agent.sock: bind: operation not permitted
=== RUN   TestListAndSignWithOfflineMock/sign
    main_test.go:147: listen unix /private/tmp/wt-1896966758/agent.sock: bind: operation not permitted
--- FAIL: TestListAndSignWithOfflineMock (0.00s)
    --- FAIL: TestListAndSignWithOfflineMock/list (0.00s)
    --- FAIL: TestListAndSignWithOfflineMock/sign (0.00s)
=== RUN   TestAgentReadDeadlineReturnsTimeout
--- PASS: TestAgentReadDeadlineReturnsTimeout (0.05s)
=== RUN   TestInputReadDeadlineReturnsTimeout
--- PASS: TestInputReadDeadlineReturnsTimeout (0.05s)
=== RUN   TestListAndSignOutputFailure
=== RUN   TestListAndSignOutputFailure/list/human=false/short=false
    main_test.go:511: listen unix /private/tmp/wt-3968893481/agent.sock: bind: operation not permitted
=== RUN   TestListAndSignOutputFailure/list/human=false/short=true
    main_test.go:511: listen unix /private/tmp/wt-3992619768/agent.sock: bind: operation not permitted
=== RUN   TestListAndSignOutputFailure/list/human=true/short=false
    main_test.go:511: listen unix /private/tmp/wt-1154536714/agent.sock: bind: operation not permitted
=== RUN   TestListAndSignOutputFailure/list/human=true/short=true
    main_test.go:511: listen unix /private/tmp/wt-813501875/agent.sock: bind: operation not permitted
=== RUN   TestListAndSignOutputFailure/sign/human=false/short=false
    main_test.go:511: listen unix /private/tmp/wt-1373340501/agent.sock: bind: operation not permitted
=== RUN   TestListAndSignOutputFailure/sign/human=false/short=true
    main_test.go:511: listen unix /private/tmp/wt-4044166336/agent.sock: bind: operation not permitted
=== RUN   TestListAndSignOutputFailure/sign/human=true/short=false
    main_test.go:511: listen unix /private/tmp/wt-2388647031/agent.sock: bind: operation not permitted
=== RUN   TestListAndSignOutputFailure/sign/human=true/short=true
    main_test.go:511: listen unix /private/tmp/wt-4137441498/agent.sock: bind: operation not permitted
--- FAIL: TestListAndSignOutputFailure (0.01s)
    --- FAIL: TestListAndSignOutputFailure/list/human=false/short=false (0.00s)
    --- FAIL: TestListAndSignOutputFailure/list/human=false/short=true (0.00s)
    --- FAIL: TestListAndSignOutputFailure/list/human=true/short=false (0.00s)
    --- FAIL: TestListAndSignOutputFailure/list/human=true/short=true (0.00s)
    --- FAIL: TestListAndSignOutputFailure/sign/human=false/short=false (0.00s)
    --- FAIL: TestListAndSignOutputFailure/sign/human=false/short=true (0.00s)
    --- FAIL: TestListAndSignOutputFailure/sign/human=true/short=false (0.00s)
    --- FAIL: TestListAndSignOutputFailure/sign/human=true/short=true (0.00s)
=== RUN   TestDiagnosticFailurePreventsSigning
=== RUN   TestDiagnosticFailurePreventsSigning/human=false/short=false
    main_test.go:571: listen unix /private/tmp/wt-340125081/agent.sock: bind: operation not permitted
=== RUN   TestDiagnosticFailurePreventsSigning/human=false/short=true
    main_test.go:571: listen unix /private/tmp/wt-2381736724/agent.sock: bind: operation not permitted
=== RUN   TestDiagnosticFailurePreventsSigning/human=true/short=false
    main_test.go:571: listen unix /private/tmp/wt-2996024702/agent.sock: bind: operation not permitted
=== RUN   TestDiagnosticFailurePreventsSigning/human=true/short=true
    main_test.go:571: listen unix /private/tmp/wt-3544677520/agent.sock: bind: operation not permitted
--- FAIL: TestDiagnosticFailurePreventsSigning (0.00s)
    --- FAIL: TestDiagnosticFailurePreventsSigning/human=false/short=false (0.00s)
    --- FAIL: TestDiagnosticFailurePreventsSigning/human=false/short=true (0.00s)
    --- FAIL: TestDiagnosticFailurePreventsSigning/human=true/short=false (0.00s)
    --- FAIL: TestDiagnosticFailurePreventsSigning/human=true/short=true (0.00s)
FAIL
FAIL	command-line-arguments	0.599s
FAIL
