bun test v1.4.2 (744846f84)
{
  "check": "C10",
  "before_sign": {
    "action": "payment",
    "state": "review",
    "signer": "GBYN7HRCPGW35RWRFPZJEEMEZERC5MSO3BJAAW7WIAJZ6UXFTTM257XB",
    "recipient": "GD4VY2S574BR7LD3DJVFJNTBBSXLQOZZ67UKM27BN727VJFFCHWS2JDT",
    "hash": "bcdb3c8d9b00d3740c005c0e6c4297ad10c0ad8293b4409a8e570415bac8dc89",
    "transaction": {
      "source": "GBYN7HRCPGW35RWRFPZJEEMEZERC5MSO3BJAAW7WIAJZ6UXFTTM257XB",
      "fee_stroops": "100",
      "sequence": "11",
      "memo": null,
      "time_bounds": {
        "minTime": "0",
        "maxTime": "1790478108"
      },
      "operation": {
        "type": "payment",
        "destination": "GD4VY2S574BR7LD3DJVFJNTBBSXLQOZZ67UKM27BN727VJFFCHWS2JDT",
        "asset": "XLM",
        "amount": "0.0100000"
      }
    }
  },
  "after_sign": {
    "action": "payment",
    "state": "signed",
    "signer": "GBYN7HRCPGW35RWRFPZJEEMEZERC5MSO3BJAAW7WIAJZ6UXFTTM257XB",
    "recipient": "GD4VY2S574BR7LD3DJVFJNTBBSXLQOZZ67UKM27BN727VJFFCHWS2JDT",
    "hash": "bcdb3c8d9b00d3740c005c0e6c4297ad10c0ad8293b4409a8e570415bac8dc89"
  },
  "after_reload": {
    "action": "payment",
    "state": "signed",
    "signer": "GBYN7HRCPGW35RWRFPZJEEMEZERC5MSO3BJAAW7WIAJZ6UXFTTM257XB",
    "recipient": "GD4VY2S574BR7LD3DJVFJNTBBSXLQOZZ67UKM27BN727VJFFCHWS2JDT",
    "hash": "bcdb3c8d9b00d3740c005c0e6c4297ad10c0ad8293b4409a8e570415bac8dc89"
  },
  "submit_available": true,
  "displayed_title": "Pay 0.01 test XLM",
  "decoded_signed_body_matches_initial_review": true,
  "network_calls": 0
}

../../../Users/kalepail/Desktop/walleterm-v2/audit/2026-09-26/checks/concerns/c10-astra/signed-review.test.ts:
(pass) C10: normal signing, reopening, and reload omit decoded details while preserving exact bytes [7.61ms]

 1 pass
 0 fail
Ran 1 test across 1 file. [82.00ms]
