Request a signature for public key GBSW6N4WGTIOH3ZJMFSEW4KU5RYLUP5YIK3ISNYFR4644WTSWXGMGZAA and digest 9a5f5b8d96109ba48455b5f7cf1356575bb9d8ad15bff8e25cbc59d9e81b47f2.
Request a signature for public key GBSW6N4WGTIOH3ZJMFSEW4KU5RYLUP5YIK3ISNYFR4644WTSWXGMGZAA and digest 0d1bf75d4ea4fcdc4d1bb58ea9ce4d09b5a0b75f40a0328dc718e957a36946cf.
Request a signature for public key GBSW6N4WGTIOH3ZJMFSEW4KU5RYLUP5YIK3ISNYFR4644WTSWXGMGZAA and digest ae805e5a176fd3cb4e3baf3a9fcb3ee1b5736691861b7bbd68bb9797e1b1d613.
Request a signature for public key GBSW6N4WGTIOH3ZJMFSEW4KU5RYLUP5YIK3ISNYFR4644WTSWXGMGZAA and digest fc24103001e64fd357c97d3143fcafc82e6d794b59797f0bc5c32900211ec2b6.
Request a signature for public key GBSW6N4WGTIOH3ZJMFSEW4KU5RYLUP5YIK3ISNYFR4644WTSWXGMGZAA and digest a388cf425cbac54dfd010068abe59d2f29c8d48bc21190a627974a55daa696af.
Request a signature for public key GBSW6N4WGTIOH3ZJMFSEW4KU5RYLUP5YIK3ISNYFR4644WTSWXGMGZAA and digest e3f84d2cf217ccd857f20ddf0fa0c77de22eca2b81e1b6fc59ccb4a86b6ae004.
Request a signature for public key GBSW6N4WGTIOH3ZJMFSEW4KU5RYLUP5YIK3ISNYFR4644WTSWXGMGZAA and digest 8b37365ec57c0687683e5c92dc6d8b575020cba9bffa6fc330565ae7ec175727.
Request a signature for public key GBSW6N4WGTIOH3ZJMFSEW4KU5RYLUP5YIK3ISNYFR4644WTSWXGMGZAA and digest 0bc6afced26658d32de03d59e9bf2ba06f3c1b3ab64b646b18d5eb1709e9ef2f.
Request a signature for public key GBSW6N4WGTIOH3ZJMFSEW4KU5RYLUP5YIK3ISNYFR4644WTSWXGMGZAA and digest bb810bb5171c0e0ad41c0fa9bfc43a9f775c7a99dd1b9d589befce439c892f5a.
Request a signature for public key GBSW6N4WGTIOH3ZJMFSEW4KU5RYLUP5YIK3ISNYFR4644WTSWXGMGZAA and digest 7bc1d71d9bc8172ad63c8fc2d2e0b4d2b9c85b15e11aa9a03abaec065dfd7f9e.
Request a signature for public key GBSW6N4WGTIOH3ZJMFSEW4KU5RYLUP5YIK3ISNYFR4644WTSWXGMGZAA and digest 7a37c45d6408442debd2472e83c4353482785178060242c4f9e05df45e97754e.
Request a signature for public key GBSW6N4WGTIOH3ZJMFSEW4KU5RYLUP5YIK3ISNYFR4644WTSWXGMGZAA and digest 7a892f83a51adbf20c91ad85ab5177434424314dc691daea745bfcae82969777.
Request a signature for public key GBSW6N4WGTIOH3ZJMFSEW4KU5RYLUP5YIK3ISNYFR4644WTSWXGMGZAA and digest 5e035b9dc3b1aa141acd8397789dc95822e64a24b4103bff28b34fd206308439.
Request a signature for public key GBSW6N4WGTIOH3ZJMFSEW4KU5RYLUP5YIK3ISNYFR4644WTSWXGMGZAA and digest c72b2948c6b3e70142f46403e61a05141e70f936ef578b6eb9d1caf0f06091ec.
Request a signature for public key GBSW6N4WGTIOH3ZJMFSEW4KU5RYLUP5YIK3ISNYFR4644WTSWXGMGZAA and digest b9959abe97e59b07d827c939cc60039f36756054d4def4bc6f5de83b8b5eb35d.
{"id":"C-setup","status":"passed","timestamp":"2026-09-25T15:58:02.130Z","oz_commit":"a5bd8cbd3d0bb8efbd5cf5e2edf9734f87e47640","wasm":{"multisig_account_example.wasm":{"sha256":"0c20d69644a16562f98a6be92101d8d95475dd3cbc45923c2a2b5f6a5126f0d0","bytes":41363,"repo":"OpenZeppelin/stellar-contracts","commit":"a5bd8cbd3d0bb8efbd5cf5e2edf9734f87e47640","path":"examples/multisig-smart-account"},"multisig_ed25519_verifier_example.wasm":{"sha256":"875b095d57291172d2f103b02240cdb72bc4157fc0d5ce7dfbc934b1d84209b4","bytes":1780,"repo":"OpenZeppelin/stellar-contracts","commit":"a5bd8cbd3d0bb8efbd5cf5e2edf9734f87e47640","path":"examples/multisig-smart-account"},"multisig_threshold_policy_example.wasm":{"sha256":"9525e49335e2dd8bd6d547980e4273ad47104c2f1d155e49f835c452545bc16a","bytes":11600,"repo":"OpenZeppelin/stellar-contracts","commit":"a5bd8cbd3d0bb8efbd5cf5e2edf9734f87e47640","path":"examples/multisig-smart-account"},"multisig_weighted_threshold_policy_example.wasm":{"sha256":"0e228b679436e405cd96ea5944ec6dfd618ce7b9ae7262864b72e0afaf792ee4","bytes":14246,"repo":"OpenZeppelin/stellar-contracts","commit":"a5bd8cbd3d0bb8efbd5cf5e2edf9734f87e47640","path":"examples/multisig-smart-account"},"walleterm_auth_target.wasm":{"sha256":"04a9a33cd3f56a0f16aca0db6b18e4b624416f3393cfeb1e0ce8bcc0d47fcdf5","bytes":1865,"repo":"local","path":"fixtures/contracts"},"walleterm_simple_account.wasm":{"sha256":"87248e34b98c4acc825f68ea8b4666c9e8b89b43ef7cdf86ef9f284ad08a823d","bytes":1420,"repo":"local","path":"fixtures/contracts"}},"contracts":{"ed25519_verifier":{"id":"CBW4YZ2CA7LBE7QYXCK7WEWLIJOQAZCHOVCFHPEMOYWJ2SI67UFHVMLR","wasm":"multisig_ed25519_verifier_example.wasm","tx":"0d1bf75d4ea4fcdc4d1bb58ea9ce4d09b5a0b75f40a0328dc718e957a36946cf"},"threshold_policy":{"id":"CAT33LBVCRJT2U3X6IFDZ2QMCWEYPCWZNBEAVVNXAALZZHVLZ5OXKOMV","wasm":"multisig_threshold_policy_example.wasm","tx":"fc24103001e64fd357c97d3143fcafc82e6d794b59797f0bc5c32900211ec2b6"},"weighted_policy":{"id":"CC6BXFFYDNQGYG3C25JCJYWKRTB4BRDFNAKK5QG6ASV2ZCP7PEV6DN2K","wasm":"multisig_weighted_threshold_policy_example.wasm","tx":"e3f84d2cf217ccd857f20ddf0fa0c77de22eca2b81e1b6fc59ccb4a86b6ae004"},"auth_target_1":{"id":"CD2AHFORL2QCB5DPZK7GEV32YJNVADNLBJQ6QZG6HMBFUAZ725IUEWRD","wasm":"walleterm_auth_target.wasm","tx":"0bc6afced26658d32de03d59e9bf2ba06f3c1b3ab64b646b18d5eb1709e9ef2f"},"auth_target_2":{"id":"CA6NPSE7LHH7T5VVYQVO5EEIG4AH4XAVACZIVDZJKCTUY3RCDYLQ4XKS","wasm":"walleterm_auth_target.wasm","tx":"bb810bb5171c0e0ad41c0fa9bfc43a9f775c7a99dd1b9d589befce439c892f5a"},"simple_account_b":{"id":"CCFWE52VMHNKA2ZXANJSHHCK64LFINGNEGDIS2MPBYQ3JJP6ILIUD5MZ","wasm":"walleterm_simple_account.wasm","tx":"7a37c45d6408442debd2472e83c4353482785178060242c4f9e05df45e97754e"},"oz_basic_a":{"id":"CCTHYTKMKC3TV2ZT2ZGGGXMUKE4VROVXLKQQRCU5FRYUCRBIYX5NYYMF","wasm":"multisig_account_example.wasm","tx":"5e035b9dc3b1aa141acd8397789dc95822e64a24b4103bff28b34fd206308439"},"oz_multisig_2of3":{"id":"CCPAACPWFYCUI4HJYDKSXMFEK7XXCEGMV25TL5MXBJZVNV73ZVHNNJMZ","wasm":"multisig_account_example.wasm","tx":"c72b2948c6b3e70142f46403e61a05141e70f936ef578b6eb9d1caf0f06091ec"},"oz_weighted_a2_b1_c1_t2":{"id":"CAICDOQDXSXMW4SR7BEPOYVYZFEXB33MHE4K5LTRL4HJB4VCP7SS2V6K","wasm":"multisig_account_example.wasm","tx":"b9959abe97e59b07d827c939cc60039f36756054d4def4bc6f5de83b8b5eb35d"}},"payer":"GBSW6N4WGTIOH3ZJMFSEW4KU5RYLUP5YIK3ISNYFR4644WTSWXGMGZAA"}
{"id":"C01","status":"not_run","timestamp":"2026-09-25T15:58:02.130Z","title":"G-account address credentials (payer A, signer B)","reason":"not selected"}
{"id":"C02","status":"not_run","timestamp":"2026-09-25T15:58:02.130Z","title":"Minimal C-account, raw payload signature","reason":"not selected"}
{"id":"C03","status":"not_run","timestamp":"2026-09-25T15:58:02.130Z","title":"OpenZeppelin account, one signer, no policy (rule 0)","reason":"not selected"}
{"id":"C04","status":"not_run","timestamp":"2026-09-25T15:58:02.131Z","title":"OpenZeppelin 2-of-3 simple threshold","reason":"not selected"}
{"id":"C05","status":"not_run","timestamp":"2026-09-25T15:58:02.131Z","title":"OpenZeppelin weighted threshold a=2 b=1 c=1, threshold 2","reason":"not selected"}
{"id":"C06","status":"not_run","timestamp":"2026-09-25T15:58:02.131Z","title":"Two C-accounts authorize one invocation","reason":"not selected"}
{"id":"C07","status":"not_run","timestamp":"2026-09-25T15:58:02.131Z","title":"G-account and C-account authorize one invocation","reason":"not selected"}
{"id":"C08","status":"not_run","timestamp":"2026-09-25T15:58:02.131Z","title":"Nested tree: outer(ozMulti, target2) -> target2.ping","reason":"not selected"}
{"id":"C09","status":"not_run","timestamp":"2026-09-25T15:58:02.131Z","title":"Sponsor (A) submits for independent signers","reason":"not selected"}
{"id":"C10","status":"not_run","timestamp":"2026-09-25T15:58:02.131Z","title":"Wrong nonce, network, signer, root args","reason":"not selected"}
{"id":"C11","status":"not_run","timestamp":"2026-09-25T15:58:02.131Z","title":"Replay of a consumed authorization","reason":"not selected"}
{"id":"C12","status":"not_run","timestamp":"2026-09-25T15:58:02.131Z","title":"Duplicate G signature in one entry","reason":"not selected"}
{"id":"C13","status":"not_run","timestamp":"2026-09-25T15:58:02.131Z","title":"Simple account owner rotation b -> c","reason":"not selected"}
{"id":"C-not-implemented","status":"not_run","timestamp":"2026-09-25T15:58:02.131Z","items":["C05 context-limited rule (CallContract) - weighted policy only","C12 OpenZeppelin signer-map reorder or duplicate (map keys are unique and sorted by construction)","C13 OpenZeppelin context rule update","Signer::Delegated inside an OpenZeppelin rule (legacy nested auth entry)","CAP-71 delegate credentials","passkeys"]}
